Archive member included to satisfy reference by file (symbol)

c:/touchgfx/4.24.0/env/mingw/msys/1.0/gnu-arm-gcc/bin/../lib/gcc/arm-none-eabi/7.3.1/../../../../arm-none-eabi/lib/thumb/v7e-m/fpv4-sp/hard\libc.a(lib_a-exit.o)
                              c:/touchgfx/4.24.0/env/mingw/msys/1.0/gnu-arm-gcc/bin/../lib/gcc/arm-none-eabi/7.3.1/../../../../arm-none-eabi/lib/thumb/v7e-m/fpv4-sp/hard/crt0.o (exit)
c:/touchgfx/4.24.0/env/mingw/msys/1.0/gnu-arm-gcc/bin/../lib/gcc/arm-none-eabi/7.3.1/../../../../arm-none-eabi/lib/thumb/v7e-m/fpv4-sp/hard\libc.a(lib_a-impure.o)
                              c:/touchgfx/4.24.0/env/mingw/msys/1.0/gnu-arm-gcc/bin/../lib/gcc/arm-none-eabi/7.3.1/../../../../arm-none-eabi/lib/thumb/v7e-m/fpv4-sp/hard\libc.a(lib_a-exit.o) (_global_impure_ptr)
c:/touchgfx/4.24.0/env/mingw/msys/1.0/gnu-arm-gcc/bin/../lib/gcc/arm-none-eabi/7.3.1/../../../../arm-none-eabi/lib/thumb/v7e-m/fpv4-sp/hard\libc.a(lib_a-init.o)
                              c:/touchgfx/4.24.0/env/mingw/msys/1.0/gnu-arm-gcc/bin/../lib/gcc/arm-none-eabi/7.3.1/../../../../arm-none-eabi/lib/thumb/v7e-m/fpv4-sp/hard/crt0.o (__libc_init_array)
c:/touchgfx/4.24.0/env/mingw/msys/1.0/gnu-arm-gcc/bin/../lib/gcc/arm-none-eabi/7.3.1/../../../../arm-none-eabi/lib/thumb/v7e-m/fpv4-sp/hard\libc.a(lib_a-memcpy.o)
                              Boot/TouchGFX/build/STM32H7S78-DK/Middlewares/ST/STM32_ExtMem_Manager/sal/stm32_sal_xspi.o (memcpy)
c:/touchgfx/4.24.0/env/mingw/msys/1.0/gnu-arm-gcc/bin/../lib/gcc/arm-none-eabi/7.3.1/../../../../arm-none-eabi/lib/thumb/v7e-m/fpv4-sp/hard\libc.a(lib_a-memset.o)
                              c:/touchgfx/4.24.0/env/mingw/msys/1.0/gnu-arm-gcc/bin/../lib/gcc/arm-none-eabi/7.3.1/../../../../arm-none-eabi/lib/thumb/v7e-m/fpv4-sp/hard/crt0.o (memset)
c:/touchgfx/4.24.0/env/mingw/msys/1.0/gnu-arm-gcc/bin/../lib/gcc/arm-none-eabi/7.3.1/../../../../arm-none-eabi/lib/thumb/v7e-m/fpv4-sp/hard\libc.a(lib_a-__call_atexit.o)
                              c:/touchgfx/4.24.0/env/mingw/msys/1.0/gnu-arm-gcc/bin/../lib/gcc/arm-none-eabi/7.3.1/../../../../arm-none-eabi/lib/thumb/v7e-m/fpv4-sp/hard\libc.a(lib_a-exit.o) (__call_exitprocs)
c:/touchgfx/4.24.0/env/mingw/msys/1.0/gnu-arm-gcc/bin/../lib/gcc/arm-none-eabi/7.3.1/../../../../arm-none-eabi/lib/thumb/v7e-m/fpv4-sp/hard\libc.a(lib_a-atexit.o)
                              c:/touchgfx/4.24.0/env/mingw/msys/1.0/gnu-arm-gcc/bin/../lib/gcc/arm-none-eabi/7.3.1/../../../../arm-none-eabi/lib/thumb/v7e-m/fpv4-sp/hard\libc.a(lib_a-__call_atexit.o) (atexit)
c:/touchgfx/4.24.0/env/mingw/msys/1.0/gnu-arm-gcc/bin/../lib/gcc/arm-none-eabi/7.3.1/../../../../arm-none-eabi/lib/thumb/v7e-m/fpv4-sp/hard\libc.a(lib_a-fini.o)
                              c:/touchgfx/4.24.0/env/mingw/msys/1.0/gnu-arm-gcc/bin/../lib/gcc/arm-none-eabi/7.3.1/../../../../arm-none-eabi/lib/thumb/v7e-m/fpv4-sp/hard\libc.a(lib_a-__call_atexit.o) (__libc_fini_array)
c:/touchgfx/4.24.0/env/mingw/msys/1.0/gnu-arm-gcc/bin/../lib/gcc/arm-none-eabi/7.3.1/../../../../arm-none-eabi/lib/thumb/v7e-m/fpv4-sp/hard\libc.a(lib_a-lock.o)
                              c:/touchgfx/4.24.0/env/mingw/msys/1.0/gnu-arm-gcc/bin/../lib/gcc/arm-none-eabi/7.3.1/../../../../arm-none-eabi/lib/thumb/v7e-m/fpv4-sp/hard\libc.a(lib_a-__call_atexit.o) (__retarget_lock_acquire_recursive)
c:/touchgfx/4.24.0/env/mingw/msys/1.0/gnu-arm-gcc/bin/../lib/gcc/arm-none-eabi/7.3.1/../../../../arm-none-eabi/lib/thumb/v7e-m/fpv4-sp/hard\libc.a(lib_a-__atexit.o)
                              c:/touchgfx/4.24.0/env/mingw/msys/1.0/gnu-arm-gcc/bin/../lib/gcc/arm-none-eabi/7.3.1/../../../../arm-none-eabi/lib/thumb/v7e-m/fpv4-sp/hard\libc.a(lib_a-atexit.o) (__register_exitproc)
c:/touchgfx/4.24.0/env/mingw/msys/1.0/gnu-arm-gcc/bin/../lib/gcc/arm-none-eabi/7.3.1/../../../../arm-none-eabi/lib/thumb/v7e-m/fpv4-sp/hard\libnosys.a(_exit.o)
                              c:/touchgfx/4.24.0/env/mingw/msys/1.0/gnu-arm-gcc/bin/../lib/gcc/arm-none-eabi/7.3.1/../../../../arm-none-eabi/lib/thumb/v7e-m/fpv4-sp/hard\libc.a(lib_a-exit.o) (_exit)

Allocating common symbols
Common symbol       size              file

__lock___atexit_recursive_mutex
                    0x1               c:/touchgfx/4.24.0/env/mingw/msys/1.0/gnu-arm-gcc/bin/../lib/gcc/arm-none-eabi/7.3.1/../../../../arm-none-eabi/lib/thumb/v7e-m/fpv4-sp/hard\libc.a(lib_a-lock.o)
__lock___arc4random_mutex
                    0x1               c:/touchgfx/4.24.0/env/mingw/msys/1.0/gnu-arm-gcc/bin/../lib/gcc/arm-none-eabi/7.3.1/../../../../arm-none-eabi/lib/thumb/v7e-m/fpv4-sp/hard\libc.a(lib_a-lock.o)
uwTick              0x4               Boot/TouchGFX/build/STM32H7S78-DK/Drivers/STM32H7RSxx_HAL_Driver/Src/stm32h7rsxx_hal.o
__lock___env_recursive_mutex
                    0x1               c:/touchgfx/4.24.0/env/mingw/msys/1.0/gnu-arm-gcc/bin/../lib/gcc/arm-none-eabi/7.3.1/../../../../arm-none-eabi/lib/thumb/v7e-m/fpv4-sp/hard\libc.a(lib_a-lock.o)
__lock___sinit_recursive_mutex
[...]
Memory Configuration

Name             Origin             Length             Attributes
RAM              0x24000000         0x00071c00         xrw
ITCM             0x00000000         0x00010000         xrw
DTCM             0x20000000         0x00010000         rw
SRAMAHB          0x30000000         0x00008000         rw
BKPSRAM          0x38800000         0x00001000         rw
FLASH            0x08000000         0x00010000         xrw
*default*        0x00000000         0xffffffff

Linker script and memory map

LOAD c:/touchgfx/4.24.0/env/mingw/msys/1.0/gnu-arm-gcc/bin/../lib/gcc/arm-none-eabi/7.3.1/thumb/v7e-m/fpv4-sp/hard/crti.o
LOAD c:/touchgfx/4.24.0/env/mingw/msys/1.0/gnu-arm-gcc/bin/../lib/gcc/arm-none-eabi/7.3.1/thumb/v7e-m/fpv4-sp/hard/crtbegin.o
LOAD c:/touchgfx/4.24.0/env/mingw/msys/1.0/gnu-arm-gcc/bin/../lib/gcc/arm-none-eabi/7.3.1/../../../../arm-none-eabi/lib/thumb/v7e-m/fpv4-sp/hard/crt0.o
START GROUP
LOAD c:/touchgfx/4.24.0/env/mingw/msys/1.0/gnu-arm-gcc/bin/../lib/gcc/arm-none-eabi/7.3.1/../../../../arm-none-eabi/lib/thumb/v7e-m/fpv4-sp/hard\libstdc++.a
LOAD c:/touchgfx/4.24.0/env/mingw/msys/1.0/gnu-arm-gcc/bin/../lib/gcc/arm-none-eabi/7.3.1/../../../../arm-none-eabi/lib/thumb/v7e-m/fpv4-sp/hard\libsupc++.a
END GROUP
LOAD Boot/TouchGFX/build/STM32H7S78-DK/Drivers/STM32H7RSxx_HAL_Driver/Src/stm32h7rsxx_hal.o
LOAD Boot/TouchGFX/build/STM32H7S78-DK/Drivers/STM32H7RSxx_HAL_Driver/Src/stm32h7rsxx_hal_cortex.o
LOAD Boot/TouchGFX/build/STM32H7S78-DK/Drivers/STM32H7RSxx_HAL_Driver/Src/stm32h7rsxx_hal_crc.o
LOAD Boot/TouchGFX/build/STM32H7S78-DK/Drivers/STM32H7RSxx_HAL_Driver/Src/stm32h7rsxx_hal_crc_ex.o
LOAD Boot/TouchGFX/build/STM32H7S78-DK/Drivers/STM32H7RSxx_HAL_Driver/Src/stm32h7rsxx_hal_dma.o
LOAD Boot/TouchGFX/build/STM32H7S78-DK/Drivers/STM32H7RSxx_HAL_Driver/Src/stm32h7rsxx_hal_dma_ex.o
LOAD Boot/TouchGFX/build/STM32H7S78-DK/Drivers/STM32H7RSxx_HAL_Driver/Src/stm32h7rsxx_hal_dma2d.o
LOAD Boot/TouchGFX/build/STM32H7S78-DK/Drivers/STM32H7RSxx_HAL_Driver/Src/stm32h7rsxx_hal_exti.o
LOAD Boot/TouchGFX/build/STM32H7S78-DK/Drivers/STM32H7RSxx_HAL_Driver/Src/stm32h7rsxx_hal_flash.o
LOAD Boot/TouchGFX/build/STM32H7S78-DK/Drivers/STM32H7RSxx_HAL_Driver/Src/stm32h7rsxx_hal_flash_ex.o
LOAD Boot/TouchGFX/build/STM32H7S78-DK/Drivers/STM32H7RSxx_HAL_Driver/Src/stm32h7rsxx_hal_gpio.o
LOAD Boot/TouchGFX/build/STM32H7S78-DK/Drivers/STM32H7RSxx_HAL_Driver/Src/stm32h7rsxx_hal_gpu2d.o
LOAD Boot/TouchGFX/build/STM32H7S78-DK/Drivers/STM32H7RSxx_HAL_Driver/Src/stm32h7rsxx_hal_i2c.o
LOAD Boot/TouchGFX/build/STM32H7S78-DK/Drivers/STM32H7RSxx_HAL_Driver/Src/stm32h7rsxx_hal_i2c_ex.o
LOAD Boot/TouchGFX/build/STM32H7S78-DK/Drivers/STM32H7RSxx_HAL_Driver/Src/stm32h7rsxx_hal_icache.o
LOAD Boot/TouchGFX/build/STM32H7S78-DK/Drivers/STM32H7RSxx_HAL_Driver/Src/stm32h7rsxx_hal_jpeg.o
LOAD Boot/TouchGFX/build/STM32H7S78-DK/Drivers/STM32H7RSxx_HAL_Driver/Src/stm32h7rsxx_hal_ltdc.o
LOAD Boot/TouchGFX/build/STM32H7S78-DK/Drivers/STM32H7RSxx_HAL_Driver/Src/stm32h7rsxx_hal_ltdc_ex.o
LOAD Boot/TouchGFX/build/STM32H7S78-DK/Drivers/STM32H7RSxx_HAL_Driver/Src/stm32h7rsxx_hal_pwr.o
LOAD Boot/TouchGFX/build/STM32H7S78-DK/Drivers/STM32H7RSxx_HAL_Driver/Src/stm32h7rsxx_hal_pwr_ex.o
LOAD Boot/TouchGFX/build/STM32H7S78-DK/Drivers/STM32H7RSxx_HAL_Driver/Src/stm32h7rsxx_hal_rcc.o
LOAD Boot/TouchGFX/build/STM32H7S78-DK/Drivers/STM32H7RSxx_HAL_Driver/Src/stm32h7rsxx_hal_rcc_ex.o
LOAD Boot/TouchGFX/build/STM32H7S78-DK/Drivers/STM32H7RSxx_HAL_Driver/Src/stm32h7rsxx_hal_smbus.o
LOAD Boot/TouchGFX/build/STM32H7S78-DK/Drivers/STM32H7RSxx_HAL_Driver/Src/stm32h7rsxx_hal_smbus_ex.o
LOAD Boot/TouchGFX/build/STM32H7S78-DK/Drivers/STM32H7RSxx_HAL_Driver/Src/stm32h7rsxx_hal_tim.o
LOAD Boot/TouchGFX/build/STM32H7S78-DK/Drivers/STM32H7RSxx_HAL_Driver/Src/stm32h7rsxx_hal_tim_ex.o
LOAD Boot/TouchGFX/build/STM32H7S78-DK/Drivers/STM32H7RSxx_HAL_Driver/Src/stm32h7rsxx_hal_xspi.o
LOAD Boot/TouchGFX/build/STM32H7S78-DK/Boot/Core/Src/main.o
LOAD Boot/TouchGFX/build/STM32H7S78-DK/Boot/Core/Src/stm32h7rsxx_it.o
LOAD Boot/TouchGFX/build/STM32H7S78-DK/Boot/Core/Src/stm32h7rsxx_hal_msp.o
LOAD Boot/TouchGFX/build/STM32H7S78-DK/Boot/Core/Src/system_stm32h7rsxx.o
LOAD Boot/TouchGFX/build/STM32H7S78-DK/Boot/Core/Src/extmem_manager.o
LOAD Boot/TouchGFX/build/STM32H7S78-DK/Middlewares/ST/STM32_ExtMem_Manager/stm32_extmem.o
LOAD Boot/TouchGFX/build/STM32H7S78-DK/Middlewares/ST/STM32_ExtMem_Manager/boot/stm32_boot_xip.o
LOAD Boot/TouchGFX/build/STM32H7S78-DK/Middlewares/ST/STM32_ExtMem_Manager/nor_sfdp/stm32_sfdp_data.o
LOAD Boot/TouchGFX/build/STM32H7S78-DK/Middlewares/ST/STM32_ExtMem_Manager/nor_sfdp/stm32_sfdp_driver.o
LOAD Boot/TouchGFX/build/STM32H7S78-DK/Middlewares/ST/STM32_ExtMem_Manager/psram/stm32_psram_driver.o
LOAD Boot/TouchGFX/build/STM32H7S78-DK/Middlewares/ST/STM32_ExtMem_Manager/sal/stm32_sal_sd.o
LOAD Boot/TouchGFX/build/STM32H7S78-DK/Middlewares/ST/STM32_ExtMem_Manager/sal/stm32_sal_xspi.o
LOAD Boot/TouchGFX/build/STM32H7S78-DK/Middlewares/ST/STM32_ExtMem_Manager/sdcard/stm32_sdcard_driver.o
LOAD Boot/TouchGFX/build/STM32H7S78-DK/Middlewares/ST/STM32_ExtMem_Manager/user/stm32_user_driver.o
LOAD Boot/TouchGFX/build/STM32H7S78-DK/gcc/startup_stm32h7s7l8hxh_boot.o
START GROUP
END GROUP
LOAD c:/touchgfx/4.24.0/env/mingw/msys/1.0/gnu-arm-gcc/bin/../lib/gcc/arm-none-eabi/7.3.1/../../../../arm-none-eabi/lib/thumb/v7e-m/fpv4-sp/hard\libstdc++.a
LOAD c:/touchgfx/4.24.0/env/mingw/msys/1.0/gnu-arm-gcc/bin/../lib/gcc/arm-none-eabi/7.3.1/../../../../arm-none-eabi/lib/thumb/v7e-m/fpv4-sp/hard\libm.a
LOAD c:/touchgfx/4.24.0/env/mingw/msys/1.0/gnu-arm-gcc/bin/../lib/gcc/arm-none-eabi/7.3.1/../../../../arm-none-eabi/lib/thumb/v7e-m/fpv4-sp/hard\libc.a
START GROUP
LOAD c:/touchgfx/4.24.0/env/mingw/msys/1.0/gnu-arm-gcc/bin/../lib/gcc/arm-none-eabi/7.3.1/thumb/v7e-m/fpv4-sp/hard\libgcc.a
LOAD c:/touchgfx/4.24.0/env/mingw/msys/1.0/gnu-arm-gcc/bin/../lib/gcc/arm-none-eabi/7.3.1/../../../../arm-none-eabi/lib/thumb/v7e-m/fpv4-sp/hard\libg.a
LOAD c:/touchgfx/4.24.0/env/mingw/msys/1.0/gnu-arm-gcc/bin/../lib/gcc/arm-none-eabi/7.3.1/../../../../arm-none-eabi/lib/thumb/v7e-m/fpv4-sp/hard\libc.a
END GROUP
START GROUP
LOAD c:/touchgfx/4.24.0/env/mingw/msys/1.0/gnu-arm-gcc/bin/../lib/gcc/arm-none-eabi/7.3.1/thumb/v7e-m/fpv4-sp/hard\libgcc.a
LOAD c:/touchgfx/4.24.0/env/mingw/msys/1.0/gnu-arm-gcc/bin/../lib/gcc/arm-none-eabi/7.3.1/../../../../arm-none-eabi/lib/thumb/v7e-m/fpv4-sp/hard\libc.a
LOAD c:/touchgfx/4.24.0/env/mingw/msys/1.0/gnu-arm-gcc/bin/../lib/gcc/arm-none-eabi/7.3.1/../../../../arm-none-eabi/lib/thumb/v7e-m/fpv4-sp/hard\libnosys.a
END GROUP
LOAD c:/touchgfx/4.24.0/env/mingw/msys/1.0/gnu-arm-gcc/bin/../lib/gcc/arm-none-eabi/7.3.1/thumb/v7e-m/fpv4-sp/hard/crtend.o
LOAD c:/touchgfx/4.24.0/env/mingw/msys/1.0/gnu-arm-gcc/bin/../lib/gcc/arm-none-eabi/7.3.1/thumb/v7e-m/fpv4-sp/hard/crtn.o
                0x20010000                _estack = (ORIGIN (DTCM) + LENGTH (DTCM))
                0x00001000                _Min_Heap_Size = 0x1000
                0x00001000                _Min_Stack_Size = 0x1000

.isr_vector     0x08000000      0x2b0
                0x08000000                . = ALIGN (0x4)
 *(.isr_vector)
 .isr_vector    0x08000000      0x2b0 Boot/TouchGFX/build/STM32H7S78-DK/gcc/startup_stm32h7s7l8hxh_boot.o
                0x08000000                g_pfnVectors
                0x080002b0                . = ALIGN (0x4)

.text           0x080002b0     0x4d04
                0x080002b0                . = ALIGN (0x4)
 *(.text)
 .text          0x080002b0       0x40 c:/touchgfx/4.24.0/env/mingw/msys/1.0/gnu-arm-gcc/bin/../lib/gcc/arm-none-eabi/7.3.1/thumb/v7e-m/fpv4-sp/hard/crtbegin.o
 .text          0x080002f0      0x134 c:/touchgfx/4.24.0/env/mingw/msys/1.0/gnu-arm-gcc/bin/../lib/gcc/arm-none-eabi/7.3.1/../../../../arm-none-eabi/lib/thumb/v7e-m/fpv4-sp/hard\libc.a(lib_a-memcpy.o)
                0x080002f0                memcpy
 *(.text*)
 .text.HAL_InitTick
                0x08000424       0x4c Boot/TouchGFX/build/STM32H7S78-DK/Drivers/STM32H7RSxx_HAL_Driver/Src/stm32h7rsxx_hal.o
                0x08000424                HAL_InitTick
 .text.HAL_Init
                0x08000470       0x1e Boot/TouchGFX/build/STM32H7S78-DK/Drivers/STM32H7RSxx_HAL_Driver/Src/stm32h7rsxx_hal.o
                0x08000470                HAL_Init
 *fill*         0x0800048e        0x2 
 .text.HAL_IncTick
                0x08000490       0x18 Boot/TouchGFX/build/STM32H7S78-DK/Drivers/STM32H7RSxx_HAL_Driver/Src/stm32h7rsxx_hal.o
                0x08000490                HAL_IncTick
 .text.HAL_GetTick
                0x080004a8        0xc Boot/TouchGFX/build/STM32H7S78-DK/Drivers/STM32H7RSxx_HAL_Driver/Src/stm32h7rsxx_hal.o
                0x080004a8                HAL_GetTick
 .text.HAL_Delay
                0x080004b4       0x24 Boot/TouchGFX/build/STM32H7S78-DK/Drivers/STM32H7RSxx_HAL_Driver/Src/stm32h7rsxx_hal.o
                0x080004b4                HAL_Delay
 .text.HAL_SuspendTick
                0x080004d8       0x10 Boot/TouchGFX/build/STM32H7S78-DK/Drivers/STM32H7RSxx_HAL_Driver/Src/stm32h7rsxx_hal.o
                0x080004d8                HAL_SuspendTick
 .text.HAL_SBS_EnableCompensationCell
                0x080004e8       0x14 Boot/TouchGFX/build/STM32H7S78-DK/Drivers/STM32H7RSxx_HAL_Driver/Src/stm32h7rsxx_hal.o
                0x080004e8                HAL_SBS_EnableCompensationCell
 .text.HAL_SBS_EnableIOSpeedOptimize
                0x080004fc        0x4 Boot/TouchGFX/build/STM32H7S78-DK/Drivers/STM32H7RSxx_HAL_Driver/Src/stm32h7rsxx_hal.o
                0x080004fc                HAL_SBS_EnableIOSpeedOptimize
 .text.HAL_NVIC_SetPriorityGrouping
                0x08000500       0x24 Boot/TouchGFX/build/STM32H7S78-DK/Drivers/STM32H7RSxx_HAL_Driver/Src/stm32h7rsxx_hal_cortex.o
                0x08000500                HAL_NVIC_SetPriorityGrouping
 .text.HAL_NVIC_SetPriority
                0x08000524       0x64 Boot/TouchGFX/build/STM32H7S78-DK/Drivers/STM32H7RSxx_HAL_Driver/Src/stm32h7rsxx_hal_cortex.o
                0x08000524                HAL_NVIC_SetPriority
 .text.HAL_SYSTICK_Config
                0x08000588       0x2c Boot/TouchGFX/build/STM32H7S78-DK/Drivers/STM32H7RSxx_HAL_Driver/Src/stm32h7rsxx_hal_cortex.o
                0x08000588                HAL_SYSTICK_Config
 .text.HAL_DMA_Abort
                0x080005b4       0x94 Boot/TouchGFX/build/STM32H7S78-DK/Drivers/STM32H7RSxx_HAL_Driver/Src/stm32h7rsxx_hal_dma.o
                0x080005b4                HAL_DMA_Abort
 .text.HAL_FLASH_Unlock
                0x08000648       0x24 Boot/TouchGFX/build/STM32H7S78-DK/Drivers/STM32H7RSxx_HAL_Driver/Src/stm32h7rsxx_hal_flash.o
                0x08000648                HAL_FLASH_Unlock
 .text.HAL_FLASH_Lock
                0x0800066c       0x18 Boot/TouchGFX/build/STM32H7S78-DK/Drivers/STM32H7RSxx_HAL_Driver/Src/stm32h7rsxx_hal_flash.o
                0x0800066c                HAL_FLASH_Lock
 .text.HAL_FLASH_OB_Unlock
                0x08000684       0x2c Boot/TouchGFX/build/STM32H7S78-DK/Drivers/STM32H7RSxx_HAL_Driver/Src/stm32h7rsxx_hal_flash.o
                0x08000684                HAL_FLASH_OB_Unlock
 .text.HAL_FLASH_OB_Lock
                0x080006b0       0x20 Boot/TouchGFX/build/STM32H7S78-DK/Drivers/STM32H7RSxx_HAL_Driver/Src/stm32h7rsxx_hal_flash.o
                0x080006b0                HAL_FLASH_OB_Lock
 .text.FLASH_WaitForLastOperation
                0x080006d0       0x6c Boot/TouchGFX/build/STM32H7S78-DK/Drivers/STM32H7RSxx_HAL_Driver/Src/stm32h7rsxx_hal_flash.o
                0x080006d0                FLASH_WaitForLastOperation
 .text.HAL_FLASHEx_OBProgram
                0x0800073c      0x1cc Boot/TouchGFX/build/STM32H7S78-DK/Drivers/STM32H7RSxx_HAL_Driver/Src/stm32h7rsxx_hal_flash_ex.o
                0x0800073c                HAL_FLASHEx_OBProgram
 .text.HAL_GPIO_Init
                0x08000908      0x148 Boot/TouchGFX/build/STM32H7S78-DK/Drivers/STM32H7RSxx_HAL_Driver/Src/stm32h7rsxx_hal_gpio.o
                0x08000908                HAL_GPIO_Init
 .text.HAL_PWREx_ConfigSupply
                0x08000a50       0x70 Boot/TouchGFX/build/STM32H7S78-DK/Drivers/STM32H7RSxx_HAL_Driver/Src/stm32h7rsxx_hal_pwr_ex.o
                0x08000a50                HAL_PWREx_ConfigSupply
 .text.HAL_PWREx_ControlVoltageScaling
                0x08000ac0       0x34 Boot/TouchGFX/build/STM32H7S78-DK/Drivers/STM32H7RSxx_HAL_Driver/Src/stm32h7rsxx_hal_pwr_ex.o
                0x08000ac0                HAL_PWREx_ControlVoltageScaling
 .text.HAL_PWREx_EnableXSPIM1
                0x08000af4       0x10 Boot/TouchGFX/build/STM32H7S78-DK/Drivers/STM32H7RSxx_HAL_Driver/Src/stm32h7rsxx_hal_pwr_ex.o
                0x08000af4                HAL_PWREx_EnableXSPIM1
 .text.HAL_PWREx_EnableXSPIM2
                0x08000b04       0x10 Boot/TouchGFX/build/STM32H7S78-DK/Drivers/STM32H7RSxx_HAL_Driver/Src/stm32h7rsxx_hal_pwr_ex.o
                0x08000b04                HAL_PWREx_EnableXSPIM2
 .text.RCC_PLL1_GetVCOOutputFreq
                0x08000b14       0xa0 Boot/TouchGFX/build/STM32H7S78-DK/Drivers/STM32H7RSxx_HAL_Driver/Src/stm32h7rsxx_hal_rcc.o
 .text.RCC_PLL2_GetVCOOutputFreq
                0x08000bb4       0xa0 Boot/TouchGFX/build/STM32H7S78-DK/Drivers/STM32H7RSxx_HAL_Driver/Src/stm32h7rsxx_hal_rcc.o
 .text.RCC_PLL3_GetVCOOutputFreq
                0x08000c54       0xa0 Boot/TouchGFX/build/STM32H7S78-DK/Drivers/STM32H7RSxx_HAL_Driver/Src/stm32h7rsxx_hal_rcc.o
 .text.RCC_PLL_Config
                0x08000cf4      0x1d0 Boot/TouchGFX/build/STM32H7S78-DK/Drivers/STM32H7RSxx_HAL_Driver/Src/stm32h7rsxx_hal_rcc.o
 .text.HAL_RCC_OscConfig
                0x08000ec4      0x438 Boot/TouchGFX/build/STM32H7S78-DK/Drivers/STM32H7RSxx_HAL_Driver/Src/stm32h7rsxx_hal_rcc.o
                0x08000ec4                HAL_RCC_OscConfig
 .text.HAL_RCC_GetSysClockFreq
                0x080012fc      0x184 Boot/TouchGFX/build/STM32H7S78-DK/Drivers/STM32H7RSxx_HAL_Driver/Src/stm32h7rsxx_hal_rcc.o
                0x080012fc                HAL_RCC_GetSysClockFreq
 .text.HAL_RCC_ClockConfig
                0x08001480      0x21c Boot/TouchGFX/build/STM32H7S78-DK/Drivers/STM32H7RSxx_HAL_Driver/Src/stm32h7rsxx_hal_rcc.o
                0x08001480                HAL_RCC_ClockConfig
 .text.HAL_RCC_GetHCLKFreq
                0x0800169c       0x34 Boot/TouchGFX/build/STM32H7S78-DK/Drivers/STM32H7RSxx_HAL_Driver/Src/stm32h7rsxx_hal_rcc.o
                0x0800169c                HAL_RCC_GetHCLKFreq
 .text.HAL_RCC_GetPCLK1Freq
                0x080016d0       0x1c Boot/TouchGFX/build/STM32H7S78-DK/Drivers/STM32H7RSxx_HAL_Driver/Src/stm32h7rsxx_hal_rcc.o
                0x080016d0                HAL_RCC_GetPCLK1Freq
 .text.HAL_RCC_GetPCLK2Freq
                0x080016ec       0x1c Boot/TouchGFX/build/STM32H7S78-DK/Drivers/STM32H7RSxx_HAL_Driver/Src/stm32h7rsxx_hal_rcc.o
                0x080016ec                HAL_RCC_GetPCLK2Freq
 .text.HAL_RCC_GetPCLK4Freq
                0x08001708       0x1c Boot/TouchGFX/build/STM32H7S78-DK/Drivers/STM32H7RSxx_HAL_Driver/Src/stm32h7rsxx_hal_rcc.o
                0x08001708                HAL_RCC_GetPCLK4Freq
 .text.HAL_RCC_GetPLL1QFreq
                0x08001724       0x1c Boot/TouchGFX/build/STM32H7S78-DK/Drivers/STM32H7RSxx_HAL_Driver/Src/stm32h7rsxx_hal_rcc.o
                0x08001724                HAL_RCC_GetPLL1QFreq
 .text.HAL_RCC_GetPLL2PFreq
                0x08001740       0x1c Boot/TouchGFX/build/STM32H7S78-DK/Drivers/STM32H7RSxx_HAL_Driver/Src/stm32h7rsxx_hal_rcc.o
                0x08001740                HAL_RCC_GetPLL2PFreq
 .text.HAL_RCC_GetPLL2QFreq
                0x0800175c       0x1c Boot/TouchGFX/build/STM32H7S78-DK/Drivers/STM32H7RSxx_HAL_Driver/Src/stm32h7rsxx_hal_rcc.o
                0x0800175c                HAL_RCC_GetPLL2QFreq
 .text.HAL_RCC_GetPLL2RFreq
                0x08001778       0x1c Boot/TouchGFX/build/STM32H7S78-DK/Drivers/STM32H7RSxx_HAL_Driver/Src/stm32h7rsxx_hal_rcc.o
                0x08001778                HAL_RCC_GetPLL2RFreq
 .text.HAL_RCC_GetPLL2SFreq
                0x08001794       0x1c Boot/TouchGFX/build/STM32H7S78-DK/Drivers/STM32H7RSxx_HAL_Driver/Src/stm32h7rsxx_hal_rcc.o
                0x08001794                HAL_RCC_GetPLL2SFreq
 .text.HAL_RCC_GetPLL2TFreq
                0x080017b0       0x1c Boot/TouchGFX/build/STM32H7S78-DK/Drivers/STM32H7RSxx_HAL_Driver/Src/stm32h7rsxx_hal_rcc.o
                0x080017b0                HAL_RCC_GetPLL2TFreq
 .text.HAL_RCC_GetPLL3PFreq
                0x080017cc       0x1c Boot/TouchGFX/build/STM32H7S78-DK/Drivers/STM32H7RSxx_HAL_Driver/Src/stm32h7rsxx_hal_rcc.o
                0x080017cc                HAL_RCC_GetPLL3PFreq
 .text.HAL_RCC_GetPLL3QFreq
                0x080017e8       0x1c Boot/TouchGFX/build/STM32H7S78-DK/Drivers/STM32H7RSxx_HAL_Driver/Src/stm32h7rsxx_hal_rcc.o
                0x080017e8                HAL_RCC_GetPLL3QFreq
 .text.HAL_RCC_GetPLL3RFreq
                0x08001804       0x1c Boot/TouchGFX/build/STM32H7S78-DK/Drivers/STM32H7RSxx_HAL_Driver/Src/stm32h7rsxx_hal_rcc.o
                0x08001804                HAL_RCC_GetPLL3RFreq
 .text.HAL_RCC_GetPLL3SFreq
                0x08001820       0x1c Boot/TouchGFX/build/STM32H7S78-DK/Drivers/STM32H7RSxx_HAL_Driver/Src/stm32h7rsxx_hal_rcc.o
                0x08001820                HAL_RCC_GetPLL3SFreq
 .text.RCC_GetCLKPFreq
                0x0800183c       0x5c Boot/TouchGFX/build/STM32H7S78-DK/Drivers/STM32H7RSxx_HAL_Driver/Src/stm32h7rsxx_hal_rcc_ex.o
 .text.HAL_RCCEx_PeriphCLKConfig
                0x08001898      0x7d0 Boot/TouchGFX/build/STM32H7S78-DK/Drivers/STM32H7RSxx_HAL_Driver/Src/stm32h7rsxx_hal_rcc_ex.o
                0x08001898                HAL_RCCEx_PeriphCLKConfig
 .text.HAL_RCCEx_GetPeriphCLKFreq
                0x08002068      0xb4c Boot/TouchGFX/build/STM32H7S78-DK/Drivers/STM32H7RSxx_HAL_Driver/Src/stm32h7rsxx_hal_rcc_ex.o
                0x08002068                HAL_RCCEx_GetPeriphCLKFreq
 .text.HAL_RCCEx_EnableClockProtection
                0x08002bb4       0x14 Boot/TouchGFX/build/STM32H7S78-DK/Drivers/STM32H7RSxx_HAL_Driver/Src/stm32h7rsxx_hal_rcc_ex.o
                0x08002bb4                HAL_RCCEx_EnableClockProtection
 .text.XSPI_ConfigCmd
                0x08002bc8      0x1a8 Boot/TouchGFX/build/STM32H7S78-DK/Drivers/STM32H7RSxx_HAL_Driver/Src/stm32h7rsxx_hal_xspi.o
 .text.XSPI_WaitFlagStateUntilTimeout
                0x08002d70       0x4a Boot/TouchGFX/build/STM32H7S78-DK/Drivers/STM32H7RSxx_HAL_Driver/Src/stm32h7rsxx_hal_xspi.o
 *fill*         0x08002dba        0x2 
 .text.HAL_XSPI_Init
                0x08002dbc      0x128 Boot/TouchGFX/build/STM32H7S78-DK/Drivers/STM32H7RSxx_HAL_Driver/Src/stm32h7rsxx_hal_xspi.o
                0x08002dbc                HAL_XSPI_Init
 .text.HAL_XSPI_Command
                0x08002ee4       0xa2 Boot/TouchGFX/build/STM32H7S78-DK/Drivers/STM32H7RSxx_HAL_Driver/Src/stm32h7rsxx_hal_xspi.o
                0x08002ee4                HAL_XSPI_Command
 .text.HAL_XSPI_Transmit
                0x08002f86       0x88 Boot/TouchGFX/build/STM32H7S78-DK/Drivers/STM32H7RSxx_HAL_Driver/Src/stm32h7rsxx_hal_xspi.o
                0x08002f86                HAL_XSPI_Transmit
 .text.HAL_XSPI_Receive
                0x0800300e       0xac Boot/TouchGFX/build/STM32H7S78-DK/Drivers/STM32H7RSxx_HAL_Driver/Src/stm32h7rsxx_hal_xspi.o
                0x0800300e                HAL_XSPI_Receive
 .text.HAL_XSPI_AutoPolling
                0x080030ba       0xae Boot/TouchGFX/build/STM32H7S78-DK/Drivers/STM32H7RSxx_HAL_Driver/Src/stm32h7rsxx_hal_xspi.o
                0x080030ba                HAL_XSPI_AutoPolling
 .text.HAL_XSPI_MemoryMapped
                0x08003168       0x5e Boot/TouchGFX/build/STM32H7S78-DK/Drivers/STM32H7RSxx_HAL_Driver/Src/stm32h7rsxx_hal_xspi.o
                0x08003168                HAL_XSPI_MemoryMapped
 .text.HAL_XSPI_Abort
                0x080031c6       0x9c Boot/TouchGFX/build/STM32H7S78-DK/Drivers/STM32H7RSxx_HAL_Driver/Src/stm32h7rsxx_hal_xspi.o
                0x080031c6                HAL_XSPI_Abort
 *fill*         0x08003262        0x2 
 .text.HAL_XSPIM_Config
                0x08003264      0x100 Boot/TouchGFX/build/STM32H7S78-DK/Drivers/STM32H7RSxx_HAL_Driver/Src/stm32h7rsxx_hal_xspi.o
                0x08003264                HAL_XSPIM_Config
 .text.SystemClock_Config
                0x08003364       0xb4 Boot/TouchGFX/build/STM32H7S78-DK/Boot/Core/Src/main.o
                0x08003364                SystemClock_Config
 .text.startup.main
                0x08003418      0x21c Boot/TouchGFX/build/STM32H7S78-DK/Boot/Core/Src/main.o
                0x08003418                main
 .text.Error_Handler
                0x08003634        0x4 Boot/TouchGFX/build/STM32H7S78-DK/Boot/Core/Src/main.o
                0x08003634                Error_Handler
 .text.NMI_Handler
                0x08003638        0x2 Boot/TouchGFX/build/STM32H7S78-DK/Boot/Core/Src/stm32h7rsxx_it.o
                0x08003638                NMI_Handler
 .text.HardFault_Handler
                0x0800363a        0x2 Boot/TouchGFX/build/STM32H7S78-DK/Boot/Core/Src/stm32h7rsxx_it.o
                0x0800363a                HardFault_Handler
 .text.MemManage_Handler
                0x0800363c        0x2 Boot/TouchGFX/build/STM32H7S78-DK/Boot/Core/Src/stm32h7rsxx_it.o
                0x0800363c                MemManage_Handler
 .text.BusFault_Handler
                0x0800363e        0x2 Boot/TouchGFX/build/STM32H7S78-DK/Boot/Core/Src/stm32h7rsxx_it.o
                0x0800363e                BusFault_Handler
 .text.UsageFault_Handler
                0x08003640        0x2 Boot/TouchGFX/build/STM32H7S78-DK/Boot/Core/Src/stm32h7rsxx_it.o
                0x08003640                UsageFault_Handler
 .text.SVC_Handler
                0x08003642        0x2 Boot/TouchGFX/build/STM32H7S78-DK/Boot/Core/Src/stm32h7rsxx_it.o
                0x08003642                SVC_Handler
 .text.DebugMon_Handler
                0x08003644        0x2 Boot/TouchGFX/build/STM32H7S78-DK/Boot/Core/Src/stm32h7rsxx_it.o
                0x08003644                DebugMon_Handler
 .text.PendSV_Handler
                0x08003646        0x2 Boot/TouchGFX/build/STM32H7S78-DK/Boot/Core/Src/stm32h7rsxx_it.o
                0x08003646                PendSV_Handler
 .text.SysTick_Handler
                0x08003648        0x4 Boot/TouchGFX/build/STM32H7S78-DK/Boot/Core/Src/stm32h7rsxx_it.o
                0x08003648                SysTick_Handler
 .text.HAL_MspInit
                0x0800364c       0x48 Boot/TouchGFX/build/STM32H7S78-DK/Boot/Core/Src/stm32h7rsxx_hal_msp.o
                0x0800364c                HAL_MspInit
 .text.HAL_XSPI_MspInit
                0x08003694      0x168 Boot/TouchGFX/build/STM32H7S78-DK/Boot/Core/Src/stm32h7rsxx_hal_msp.o
                0x08003694                HAL_XSPI_MspInit
 .text.SystemInit
                0x080037fc       0x14 Boot/TouchGFX/build/STM32H7S78-DK/Boot/Core/Src/system_stm32h7rsxx.o
                0x080037fc                SystemInit
 .text.MX_EXTMEM_MANAGER_Init
                0x08003810       0x98 Boot/TouchGFX/build/STM32H7S78-DK/Boot/Core/Src/extmem_manager.o
                0x08003810                MX_EXTMEM_MANAGER_Init
 .text.EXTMEM_Init
                0x080038a8       0x50 Boot/TouchGFX/build/STM32H7S78-DK/Middlewares/ST/STM32_ExtMem_Manager/stm32_extmem.o
                0x080038a8                EXTMEM_Init
 .text.EXTMEM_DeInit
                0x080038f8       0x3c Boot/TouchGFX/build/STM32H7S78-DK/Middlewares/ST/STM32_ExtMem_Manager/stm32_extmem.o
                0x080038f8                EXTMEM_DeInit
 .text.EXTMEM_MemoryMappedMode
                0x08003934       0x60 Boot/TouchGFX/build/STM32H7S78-DK/Middlewares/ST/STM32_ExtMem_Manager/stm32_extmem.o
                0x08003934                EXTMEM_MemoryMappedMode
 .text.EXTMEM_GetMapAddress
                0x08003994       0x58 Boot/TouchGFX/build/STM32H7S78-DK/Middlewares/ST/STM32_ExtMem_Manager/stm32_extmem.o
                0x08003994                EXTMEM_GetMapAddress
 .text.MapMemory
                0x080039ec       0x38 Boot/TouchGFX/build/STM32H7S78-DK/Middlewares/ST/STM32_ExtMem_Manager/boot/stm32_boot_xip.o
                0x080039ec                MapMemory
 .text.JumpToApplication
                0x08003a24       0xac Boot/TouchGFX/build/STM32H7S78-DK/Middlewares/ST/STM32_ExtMem_Manager/boot/stm32_boot_xip.o
                0x08003a24                JumpToApplication
 .text.BOOT_Application
                0x08003ad0       0x12 Boot/TouchGFX/build/STM32H7S78-DK/Middlewares/ST/STM32_ExtMem_Manager/boot/stm32_boot_xip.o
                0x08003ad0                BOOT_Application
 *fill*         0x08003ae2        0x2 
 .text.sfdp_getfrequencevalue
                0x08003ae4       0x48 Boot/TouchGFX/build/STM32H7S78-DK/Middlewares/ST/STM32_ExtMem_Manager/nor_sfdp/stm32_sfdp_data.o
                0x08003ae4                sfdp_getfrequencevalue
 .text.sfdp_read_header
                0x08003b2c       0x30 Boot/TouchGFX/build/STM32H7S78-DK/Middlewares/ST/STM32_ExtMem_Manager/nor_sfdp/stm32_sfdp_data.o
                0x08003b2c                sfdp_read_header
 .text.SFDP_GetHeader
                0x08003b5c       0x58 Boot/TouchGFX/build/STM32H7S78-DK/Middlewares/ST/STM32_ExtMem_Manager/nor_sfdp/stm32_sfdp_data.o
                0x08003b5c                SFDP_GetHeader
 .text.sfdp_get_paraminfo
                0x08003bb4      0x108 Boot/TouchGFX/build/STM32H7S78-DK/Middlewares/ST/STM32_ExtMem_Manager/nor_sfdp/stm32_sfdp_data.o
                0x08003bb4                sfdp_get_paraminfo
 .text.SFDP_CollectData
                0x08003cbc       0xf0 Boot/TouchGFX/build/STM32H7S78-DK/Middlewares/ST/STM32_ExtMem_Manager/nor_sfdp/stm32_sfdp_data.o
                0x08003cbc                SFDP_CollectData
 .text.SFDP_MemoryReset
                0x08003dac       0xe0 Boot/TouchGFX/build/STM32H7S78-DK/Middlewares/ST/STM32_ExtMem_Manager/nor_sfdp/stm32_sfdp_data.o
                0x08003dac                SFDP_MemoryReset
 .text.sfpd_enter_octal_mode
                0x08003e8c      0x114 Boot/TouchGFX/build/STM32H7S78-DK/Middlewares/ST/STM32_ExtMem_Manager/nor_sfdp/stm32_sfdp_data.o
                0x08003e8c                sfpd_enter_octal_mode
 .text.sfpd_set_dummycycle
                0x08003fa0       0xe0 Boot/TouchGFX/build/STM32H7S78-DK/Middlewares/ST/STM32_ExtMem_Manager/nor_sfdp/stm32_sfdp_data.o
                0x08003fa0                sfpd_set_dummycycle
 .text.SFDP_BuildGenericDriver
                0x08004080      0x500 Boot/TouchGFX/build/STM32H7S78-DK/Middlewares/ST/STM32_ExtMem_Manager/nor_sfdp/stm32_sfdp_data.o
                0x08004080                SFDP_BuildGenericDriver
 .text.EXTMEM_DRIVER_NOR_SFDP_Init
                0x08004580       0xac Boot/TouchGFX/build/STM32H7S78-DK/Middlewares/ST/STM32_ExtMem_Manager/nor_sfdp/stm32_sfdp_driver.o
                0x08004580                EXTMEM_DRIVER_NOR_SFDP_Init
 .text.EXTMEM_DRIVER_NOR_SFDP_DeInit
                0x0800462c        0xa Boot/TouchGFX/build/STM32H7S78-DK/Middlewares/ST/STM32_ExtMem_Manager/nor_sfdp/stm32_sfdp_driver.o
                0x0800462c                EXTMEM_DRIVER_NOR_SFDP_DeInit
 .text.EXTMEM_DRIVER_NOR_SFDP_Enable_MemoryMappedMode
                0x08004636       0x24 Boot/TouchGFX/build/STM32H7S78-DK/Middlewares/ST/STM32_ExtMem_Manager/nor_sfdp/stm32_sfdp_driver.o
                0x08004636                EXTMEM_DRIVER_NOR_SFDP_Enable_MemoryMappedMode
 .text.EXTMEM_DRIVER_NOR_SFDP_Disable_MemoryMappedMode
                0x0800465a       0x12 Boot/TouchGFX/build/STM32H7S78-DK/Middlewares/ST/STM32_ExtMem_Manager/nor_sfdp/stm32_sfdp_driver.o
                0x0800465a                EXTMEM_DRIVER_NOR_SFDP_Disable_MemoryMappedMode
 .text.EXTMEM_DRIVER_PSRAM_DeInit
                0x0800466c        0xa Boot/TouchGFX/build/STM32H7S78-DK/Middlewares/ST/STM32_ExtMem_Manager/psram/stm32_psram_driver.o
                0x0800466c                EXTMEM_DRIVER_PSRAM_DeInit
 .text.EXTMEM_DRIVER_PSRAM_Enable_MemoryMappedMode
                0x08004676       0x42 Boot/TouchGFX/build/STM32H7S78-DK/Middlewares/ST/STM32_ExtMem_Manager/psram/stm32_psram_driver.o
                0x08004676                EXTMEM_DRIVER_PSRAM_Enable_MemoryMappedMode
 .text.EXTMEM_DRIVER_PSRAM_Disable_MemoryMappedMode
                0x080046b8       0x12 Boot/TouchGFX/build/STM32H7S78-DK/Middlewares/ST/STM32_ExtMem_Manager/psram/stm32_psram_driver.o
                0x080046b8                EXTMEM_DRIVER_PSRAM_Disable_MemoryMappedMode
 .text.PSRAM_ExecuteCommand
                0x080046ca       0x6c Boot/TouchGFX/build/STM32H7S78-DK/Middlewares/ST/STM32_ExtMem_Manager/psram/stm32_psram_driver.o
                0x080046ca                PSRAM_ExecuteCommand
 .text.EXTMEM_DRIVER_PSRAM_Init
                0x08004736       0x88 Boot/TouchGFX/build/STM32H7S78-DK/Middlewares/ST/STM32_ExtMem_Manager/psram/stm32_psram_driver.o
                0x08004736                EXTMEM_DRIVER_PSRAM_Init
 .text.SAL_XSPI_SetClock
                0x080047be       0x34 Boot/TouchGFX/build/STM32H7S78-DK/Middlewares/ST/STM32_ExtMem_Manager/sal/stm32_sal_xspi.o
                0x080047be                SAL_XSPI_SetClock
 .text.SAL_XSPI_Init
                0x080047f2       0x4a Boot/TouchGFX/build/STM32H7S78-DK/Middlewares/ST/STM32_ExtMem_Manager/sal/stm32_sal_xspi.o
                0x080047f2                SAL_XSPI_Init
 .text.SAL_XSPI_MemoryConfig
                0x0800483c      0x1a6 Boot/TouchGFX/build/STM32H7S78-DK/Middlewares/ST/STM32_ExtMem_Manager/sal/stm32_sal_xspi.o
                0x0800483c                SAL_XSPI_MemoryConfig
 .text.SAL_XSPI_GetSFDP
                0x080049e2       0x5c Boot/TouchGFX/build/STM32H7S78-DK/Middlewares/ST/STM32_ExtMem_Manager/sal/stm32_sal_xspi.o
                0x080049e2                SAL_XSPI_GetSFDP
 .text.SAL_XSPI_GetId
                0x08004a3e       0x86 Boot/TouchGFX/build/STM32H7S78-DK/Middlewares/ST/STM32_ExtMem_Manager/sal/stm32_sal_xspi.o
                0x08004a3e                SAL_XSPI_GetId
 .text.SAL_XSPI_DisableMapMode
                0x08004ac4        0xa Boot/TouchGFX/build/STM32H7S78-DK/Middlewares/ST/STM32_ExtMem_Manager/sal/stm32_sal_xspi.o
                0x08004ac4                SAL_XSPI_DisableMapMode
 .text.XSPI_FormatCommand
                0x08004ace       0x16 Boot/TouchGFX/build/STM32H7S78-DK/Middlewares/ST/STM32_ExtMem_Manager/sal/stm32_sal_xspi.o
                0x08004ace                XSPI_FormatCommand
 .text.SAL_XSPI_Read
                0x08004ae4       0x56 Boot/TouchGFX/build/STM32H7S78-DK/Middlewares/ST/STM32_ExtMem_Manager/sal/stm32_sal_xspi.o
                0x08004ae4                SAL_XSPI_Read
 .text.SAL_XSPI_Write
                0x08004b3a       0x5c Boot/TouchGFX/build/STM32H7S78-DK/Middlewares/ST/STM32_ExtMem_Manager/sal/stm32_sal_xspi.o
                0x08004b3a                SAL_XSPI_Write
 .text.SAL_XSPI_SendCommand
                0x08004b96       0x66 Boot/TouchGFX/build/STM32H7S78-DK/Middlewares/ST/STM32_ExtMem_Manager/sal/stm32_sal_xspi.o
                0x08004b96                SAL_XSPI_SendCommand
 .text.SAL_XSPI_CheckStatusRegister
                0x08004bfc       0x8a Boot/TouchGFX/build/STM32H7S78-DK/Middlewares/ST/STM32_ExtMem_Manager/sal/stm32_sal_xspi.o
                0x08004bfc                SAL_XSPI_CheckStatusRegister
 .text.SAL_XSPI_ConfigureWrappMode
                0x08004c86       0x44 Boot/TouchGFX/build/STM32H7S78-DK/Middlewares/ST/STM32_ExtMem_Manager/sal/stm32_sal_xspi.o
                0x08004c86                SAL_XSPI_ConfigureWrappMode
 .text.SAL_XSPI_EnableMapMode
                0x08004cca       0x86 Boot/TouchGFX/build/STM32H7S78-DK/Middlewares/ST/STM32_ExtMem_Manager/sal/stm32_sal_xspi.o
                0x08004cca                SAL_XSPI_EnableMapMode
 .text.Reset_Handler
                0x08004d50       0x50 Boot/TouchGFX/build/STM32H7S78-DK/gcc/startup_stm32h7s7l8hxh_boot.o
                0x08004d50                Reset_Handler
 .text.Default_Handler
                0x08004da0        0x2 Boot/TouchGFX/build/STM32H7S78-DK/gcc/startup_stm32h7s7l8hxh_boot.o
                0x08004da0                HPDMA1_Channel13_IRQHandler
                0x08004da0                EXTI2_IRQHandler
                0x08004da0                MCE2_IRQHandler
                0x08004da0                SAI1_A_IRQHandler
                0x08004da0                EXTI5_IRQHandler
                0x08004da0                I3C1_ER_IRQHandler
                0x08004da0                UART8_IRQHandler
                0x08004da0                SPI4_IRQHandler
                0x08004da0                EXTI13_IRQHandler
                0x08004da0                TIM1_CC_IRQHandler
                0x08004da0                XSPI1_IRQHandler
                0x08004da0                JPEG_IRQHandler
                0x08004da0                TAMP_IRQHandler
                0x08004da0                TIM6_IRQHandler
                0x08004da0                EXTI12_IRQHandler
                0x08004da0                CORDIC_IRQHandler
                0x08004da0                GFXTIM_IRQHandler
                0x08004da0                EXTI3_IRQHandler
                0x08004da0                LPTIM4_IRQHandler
                0x08004da0                GPDMA1_Channel5_IRQHandler
                0x08004da0                EXTI8_IRQHandler
                0x08004da0                LPTIM2_IRQHandler
                0x08004da0                GFXMMU_IRQHandler
                0x08004da0                I2C3_ER_IRQHandler
                0x08004da0                LPTIM3_IRQHandler
                0x08004da0                SAI2_A_IRQHandler
                0x08004da0                EXTI0_IRQHandler
                0x08004da0                HPDMA1_Channel9_IRQHandler
                0x08004da0                I2C2_EV_IRQHandler
                0x08004da0                GPU2D_IRQHandler
                0x08004da0                FPU_IRQHandler
                0x08004da0                GPDMA1_Channel3_IRQHandler
                0x08004da0                GPDMA1_Channel7_IRQHandler
                0x08004da0                FDCAN1_IT1_IRQHandler
                0x08004da0                HPDMA1_Channel3_IRQHandler
                0x08004da0                LTDC_ER_IRQHandler
                0x08004da0                ADC1_2_IRQHandler
                0x08004da0                GPDMA1_Channel9_IRQHandler
                0x08004da0                SPI1_IRQHandler
                0x08004da0                SAI1_B_IRQHandler
                0x08004da0                GPDMA1_Channel2_IRQHandler
                0x08004da0                I3C1_WKUP_IRQHandler
                0x08004da0                PKA_IRQHandler
                0x08004da0                HPDMA1_Channel2_IRQHandler
                0x08004da0                EXTI15_IRQHandler
                0x08004da0                TIM17_IRQHandler
                0x08004da0                USART3_IRQHandler
                0x08004da0                HPDMA1_Channel6_IRQHandler
                0x08004da0                CRYP_IRQHandler
                0x08004da0                RTC_IRQHandler
                0x08004da0                XSPI2_IRQHandler
                0x08004da0                EXTI9_IRQHandler
                0x08004da0                HPDMA1_Channel0_IRQHandler
                0x08004da0                LPTIM5_IRQHandler
                0x08004da0                HPDMA1_Channel1_IRQHandler
                0x08004da0                UART5_IRQHandler
                0x08004da0                TIM4_IRQHandler
                0x08004da0                I2C1_EV_IRQHandler
                0x08004da0                GPDMA1_Channel12_IRQHandler
                0x08004da0                HPDMA1_Channel7_IRQHandler
                0x08004da0                GPDMA1_Channel1_IRQHandler
                0x08004da0                TIM16_IRQHandler
                0x08004da0                GPDMA1_Channel15_IRQHandler
                0x08004da0                UART4_IRQHandler
                0x08004da0                TIM3_IRQHandler
                0x08004da0                RCC_IRQHandler
                0x08004da0                TIM1_TRG_COM_IRQHandler
                0x08004da0                SAI2_B_IRQHandler
                0x08004da0                Default_Handler
                0x08004da0                GPDMA1_Channel8_IRQHandler
                0x08004da0                HPDMA1_Channel8_IRQHandler
                0x08004da0                CEC_IRQHandler
                0x08004da0                TIM14_IRQHandler
                0x08004da0                TIM13_IRQHandler
                0x08004da0                GPDMA1_Channel11_IRQHandler
                0x08004da0                GPU2D_ER_IRQHandler
                0x08004da0                SPI5_IRQHandler
                0x08004da0                TIM12_IRQHandler
                0x08004da0                TIM7_IRQHandler
                0x08004da0                HPDMA1_Channel10_IRQHandler
                0x08004da0                SDMMC1_IRQHandler
                0x08004da0                SAES_IRQHandler
                0x08004da0                TIM5_IRQHandler
                0x08004da0                UCPD1_IRQHandler
                0x08004da0                GPDMA1_Channel0_IRQHandler
                0x08004da0                I3C1_EV_IRQHandler
                0x08004da0                HPDMA1_Channel5_IRQHandler
                0x08004da0                TIM15_IRQHandler
                0x08004da0                I2C3_EV_IRQHandler
                0x08004da0                HPDMA1_Channel4_IRQHandler
                0x08004da0                HPDMA1_Channel15_IRQHandler
                0x08004da0                TIM9_IRQHandler
                0x08004da0                LTDC_IRQHandler
                0x08004da0                SPDIF_RX_IRQHandler
                0x08004da0                PVD_PVM_IRQHandler
                0x08004da0                SPI2_IRQHandler
                0x08004da0                HPDMA1_Channel11_IRQHandler
                0x08004da0                EXTI14_IRQHandler
                0x08004da0                EXTI11_IRQHandler
                0x08004da0                CRS_IRQHandler
                0x08004da0                GPDMA1_Channel14_IRQHandler
                0x08004da0                EXTI4_IRQHandler
                0x08004da0                GPDMA1_Channel13_IRQHandler
                0x08004da0                RNG_IRQHandler
                0x08004da0                FDCAN2_IT1_IRQHandler
                0x08004da0                ETH_IRQHandler
                0x08004da0                TIM1_UP_IRQHandler
                0x08004da0                WWDG_IRQHandler
                0x08004da0                SPI6_IRQHandler
                0x08004da0                MDIOS_IRQHandler
                0x08004da0                FDCAN2_IT0_IRQHandler
                0x08004da0                IWDG_IRQHandler
                0x08004da0                HPDMA1_Channel14_IRQHandler
                0x08004da0                LPUART1_IRQHandler
                0x08004da0                FDCAN1_IT0_IRQHandler
                0x08004da0                TIM2_IRQHandler
                0x08004da0                PSSI_IRQHandler
                0x08004da0                MCE3_IRQHandler
                0x08004da0                GPDMA1_Channel4_IRQHandler
                0x08004da0                OTG_HS_IRQHandler
                0x08004da0                EXTI7_IRQHandler
                0x08004da0                DMA2D_IRQHandler
                0x08004da0                TIM1_BRK_IRQHandler
                0x08004da0                EXTI1_IRQHandler
                0x08004da0                SDMMC2_IRQHandler
                0x08004da0                UART7_IRQHandler
                0x08004da0                DTS_IRQHandler
                0x08004da0                USART2_IRQHandler
                0x08004da0                GPDMA1_Channel6_IRQHandler
                0x08004da0                ADF1_FLT0_IRQHandler
                0x08004da0                RAMECC_IRQHandler
                0x08004da0                I2C2_ER_IRQHandler
                0x08004da0                MCE1_IRQHandler
                0x08004da0                HPDMA1_Channel12_IRQHandler
                0x08004da0                FLASH_IRQHandler
                0x08004da0                USART1_IRQHandler
                0x08004da0                EXTI10_IRQHandler
                0x08004da0                OTG_FS_IRQHandler
                0x08004da0                SPI3_IRQHandler
                0x08004da0                WAKEUP_PIN_IRQHandler
                0x08004da0                DCMIPP_IRQHandler
                0x08004da0                I2C1_ER_IRQHandler
                0x08004da0                FMC_IRQHandler
                0x08004da0                EXTI6_IRQHandler
                0x08004da0                LPTIM1_IRQHandler
                0x08004da0                GPDMA1_Channel10_IRQHandler
                0x08004da0                ICACHE_IRQHandler
                0x08004da0                HASH_IRQHandler
 *fill*         0x08004da2        0x2 
 .text.__libc_init_array
                0x08004da4       0x48 c:/touchgfx/4.24.0/env/mingw/msys/1.0/gnu-arm-gcc/bin/../lib/gcc/arm-none-eabi/7.3.1/../../../../arm-none-eabi/lib/thumb/v7e-m/fpv4-sp/hard\libc.a(lib_a-init.o)
                0x08004da4                __libc_init_array
 .text.memset   0x08004dec       0x94 c:/touchgfx/4.24.0/env/mingw/msys/1.0/gnu-arm-gcc/bin/../lib/gcc/arm-none-eabi/7.3.1/../../../../arm-none-eabi/lib/thumb/v7e-m/fpv4-sp/hard\libc.a(lib_a-memset.o)
                0x08004dec                memset
 .text.startup.register_fini
                0x08004e80       0x14 c:/touchgfx/4.24.0/env/mingw/msys/1.0/gnu-arm-gcc/bin/../lib/gcc/arm-none-eabi/7.3.1/../../../../arm-none-eabi/lib/thumb/v7e-m/fpv4-sp/hard\libc.a(lib_a-__call_atexit.o)
 .text.atexit   0x08004e94        0xc c:/touchgfx/4.24.0/env/mingw/msys/1.0/gnu-arm-gcc/bin/../lib/gcc/arm-none-eabi/7.3.1/../../../../arm-none-eabi/lib/thumb/v7e-m/fpv4-sp/hard\libc.a(lib_a-atexit.o)
                0x08004e94                atexit
 .text.__libc_fini_array
                0x08004ea0       0x34 c:/touchgfx/4.24.0/env/mingw/msys/1.0/gnu-arm-gcc/bin/../lib/gcc/arm-none-eabi/7.3.1/../../../../arm-none-eabi/lib/thumb/v7e-m/fpv4-sp/hard\libc.a(lib_a-fini.o)
                0x08004ea0                __libc_fini_array
 .text.__retarget_lock_acquire_recursive
                0x08004ed4        0x4 c:/touchgfx/4.24.0/env/mingw/msys/1.0/gnu-arm-gcc/bin/../lib/gcc/arm-none-eabi/7.3.1/../../../../arm-none-eabi/lib/thumb/v7e-m/fpv4-sp/hard\libc.a(lib_a-lock.o)
                0x08004ed4                __retarget_lock_acquire_recursive
 .text.__retarget_lock_release_recursive
                0x08004ed8        0x4 c:/touchgfx/4.24.0/env/mingw/msys/1.0/gnu-arm-gcc/bin/../lib/gcc/arm-none-eabi/7.3.1/../../../../arm-none-eabi/lib/thumb/v7e-m/fpv4-sp/hard\libc.a(lib_a-lock.o)
                0x08004ed8                __retarget_lock_release_recursive
 .text.__register_exitproc
                0x08004edc       0xc0 c:/touchgfx/4.24.0/env/mingw/msys/1.0/gnu-arm-gcc/bin/../lib/gcc/arm-none-eabi/7.3.1/../../../../arm-none-eabi/lib/thumb/v7e-m/fpv4-sp/hard\libc.a(lib_a-__atexit.o)
                0x08004edc                __register_exitproc
 *(.glue_7)
 .glue_7        0x08004f9c        0x0 linker stubs
 *(.glue_7t)
 .glue_7t       0x08004f9c        0x0 linker stubs
 *(.eh_frame)
 .eh_frame      0x08004f9c        0x0 c:/touchgfx/4.24.0/env/mingw/msys/1.0/gnu-arm-gcc/bin/../lib/gcc/arm-none-eabi/7.3.1/thumb/v7e-m/fpv4-sp/hard/crtbegin.o
 *(.init)
 .init          0x08004f9c        0x4 c:/touchgfx/4.24.0/env/mingw/msys/1.0/gnu-arm-gcc/bin/../lib/gcc/arm-none-eabi/7.3.1/thumb/v7e-m/fpv4-sp/hard/crti.o
                0x08004f9c                _init
 .init          0x08004fa0        0x8 c:/touchgfx/4.24.0/env/mingw/msys/1.0/gnu-arm-gcc/bin/../lib/gcc/arm-none-eabi/7.3.1/thumb/v7e-m/fpv4-sp/hard/crtn.o
 *(.fini)
 .fini          0x08004fa8        0x4 c:/touchgfx/4.24.0/env/mingw/msys/1.0/gnu-arm-gcc/bin/../lib/gcc/arm-none-eabi/7.3.1/thumb/v7e-m/fpv4-sp/hard/crti.o
                0x08004fa8                _fini
 .fini          0x08004fac        0x8 c:/touchgfx/4.24.0/env/mingw/msys/1.0/gnu-arm-gcc/bin/../lib/gcc/arm-none-eabi/7.3.1/thumb/v7e-m/fpv4-sp/hard/crtn.o
                0x08004fb4                . = ALIGN (0x4)
                0x08004fb4                _etext = .

.vfp11_veneer   0x08004fb4        0x0
 .vfp11_veneer  0x08004fb4        0x0 linker stubs

.v4_bx          0x08004fb4        0x0
 .v4_bx         0x08004fb4        0x0 linker stubs

.iplt           0x08004fb4        0x0
 .iplt          0x08004fb4        0x0 c:/touchgfx/4.24.0/env/mingw/msys/1.0/gnu-arm-gcc/bin/../lib/gcc/arm-none-eabi/7.3.1/thumb/v7e-m/fpv4-sp/hard/crtbegin.o

.rodata         0x08004fb4       0x38
                0x08004fb4                . = ALIGN (0x4)
 *(.rodata)
 .rodata        0x08004fb4       0x1a Boot/TouchGFX/build/STM32H7S78-DK/Middlewares/ST/STM32_ExtMem_Manager/nor_sfdp/stm32_sfdp_data.o
 *(.rodata*)
 .rodata.block_erase_unit.12412
                0x08004fce        0x8 Boot/TouchGFX/build/STM32H7S78-DK/Middlewares/ST/STM32_ExtMem_Manager/nor_sfdp/stm32_sfdp_data.o
 *fill*         0x08004fd6        0x2 
 .rodata.chip_erase_unit.12413
                0x08004fd8       0x10 Boot/TouchGFX/build/STM32H7S78-DK/Middlewares/ST/STM32_ExtMem_Manager/nor_sfdp/stm32_sfdp_data.o
 .rodata._global_impure_ptr
                0x08004fe8        0x4 c:/touchgfx/4.24.0/env/mingw/msys/1.0/gnu-arm-gcc/bin/../lib/gcc/arm-none-eabi/7.3.1/../../../../arm-none-eabi/lib/thumb/v7e-m/fpv4-sp/hard\libc.a(lib_a-impure.o)
                0x08004fe8                _global_impure_ptr
                0x08004fec                . = ALIGN (0x4)

.rel.dyn        0x08004fec        0x0
 .rel.iplt      0x08004fec        0x0 c:/touchgfx/4.24.0/env/mingw/msys/1.0/gnu-arm-gcc/bin/../lib/gcc/arm-none-eabi/7.3.1/thumb/v7e-m/fpv4-sp/hard/crtbegin.o

.ARM.extab      0x08004fec        0x0
                0x08004fec                . = ALIGN (0x4)
 *(.ARM.extab* .gnu.linkonce.armextab.*)
                0x08004fec                . = ALIGN (0x4)

.ARM            0x08004fec        0x0
                0x08004fec                . = ALIGN (0x4)
                0x08004fec                __exidx_start = .
 *(.ARM.exidx*)
                0x08004fec                __exidx_end = .
                0x08004fec                . = ALIGN (0x4)

.preinit_array  0x08004fec        0x0
                0x08004fec                . = ALIGN (0x4)
                0x08004fec                PROVIDE (__preinit_array_start = .)
 *(.preinit_array*)
                0x08004fec                PROVIDE (__preinit_array_end = .)
                0x08004fec                . = ALIGN (0x4)

.init_array     0x08004fec        0x8
                0x08004fec                . = ALIGN (0x4)
                0x08004fec                PROVIDE (__init_array_start = .)
 *(SORT_BY_NAME(.init_array.*))
 .init_array.00000
                0x08004fec        0x4 c:/touchgfx/4.24.0/env/mingw/msys/1.0/gnu-arm-gcc/bin/../lib/gcc/arm-none-eabi/7.3.1/../../../../arm-none-eabi/lib/thumb/v7e-m/fpv4-sp/hard\libc.a(lib_a-__call_atexit.o)
 *(.init_array*)
 .init_array    0x08004ff0        0x4 c:/touchgfx/4.24.0/env/mingw/msys/1.0/gnu-arm-gcc/bin/../lib/gcc/arm-none-eabi/7.3.1/thumb/v7e-m/fpv4-sp/hard/crtbegin.o
                0x08004ff4                PROVIDE (__init_array_end = .)
                0x08004ff4                . = ALIGN (0x4)

.fini_array     0x08004ff4        0x4
                0x08004ff4                . = ALIGN (0x4)
                0x08004ff4                PROVIDE (__fini_array_start = .)
 *(SORT_BY_NAME(.fini_array.*))
 *(.fini_array*)
 .fini_array    0x08004ff4        0x4 c:/touchgfx/4.24.0/env/mingw/msys/1.0/gnu-arm-gcc/bin/../lib/gcc/arm-none-eabi/7.3.1/thumb/v7e-m/fpv4-sp/hard/crtbegin.o
                0x08004ff8                PROVIDE (__fini_array_end = .)
                0x08004ff8                . = ALIGN (0x4)
                0x08004ff8                _sidata = LOADADDR (.data)

.data           0x24000000      0x43c load address 0x08004ff8
                0x24000000                . = ALIGN (0x4)
                0x24000000                _sdata = .
 *(.data)
 *(.data*)
 .data.uwTickFreq
                0x24000000        0x1 Boot/TouchGFX/build/STM32H7S78-DK/Drivers/STM32H7RSxx_HAL_Driver/Src/stm32h7rsxx_hal.o
                0x24000000                uwTickFreq
 *fill*         0x24000001        0x3 
 .data.uwTickPrio
                0x24000004        0x4 Boot/TouchGFX/build/STM32H7S78-DK/Drivers/STM32H7RSxx_HAL_Driver/Src/stm32h7rsxx_hal.o
                0x24000004                uwTickPrio
 .data.SystemCoreClock
                0x24000008        0x4 Boot/TouchGFX/build/STM32H7S78-DK/Boot/Core/Src/system_stm32h7rsxx.o
                0x24000008                SystemCoreClock
 *fill*         0x2400000c        0x4 
 .data.impure_data
                0x24000010      0x428 c:/touchgfx/4.24.0/env/mingw/msys/1.0/gnu-arm-gcc/bin/../lib/gcc/arm-none-eabi/7.3.1/../../../../arm-none-eabi/lib/thumb/v7e-m/fpv4-sp/hard\libc.a(lib_a-impure.o)
 .data.__atexit_recursive_mutex
                0x24000438        0x4 c:/touchgfx/4.24.0/env/mingw/msys/1.0/gnu-arm-gcc/bin/../lib/gcc/arm-none-eabi/7.3.1/../../../../arm-none-eabi/lib/thumb/v7e-m/fpv4-sp/hard\libc.a(lib_a-__call_atexit.o)
                0x24000438                __atexit_recursive_mutex
 *(.RamFunc)
 *(.RamFunc*)
                0x2400043c                . = ALIGN (0x4)
                0x2400043c                _edata = .

.igot.plt       0x2400043c        0x0 load address 0x08005434
 .igot.plt      0x2400043c        0x0 c:/touchgfx/4.24.0/env/mingw/msys/1.0/gnu-arm-gcc/bin/../lib/gcc/arm-none-eabi/7.3.1/thumb/v7e-m/fpv4-sp/hard/crtbegin.o
                0x2400043c                . = ALIGN (0x4)

.bss            0x2400043c      0x3f0 load address 0x08005434
                0x2400043c                _sbss = .
                0x2400043c                __bss_start__ = _sbss
 *(.bss)
 .bss           0x2400043c       0x1c c:/touchgfx/4.24.0/env/mingw/msys/1.0/gnu-arm-gcc/bin/../lib/gcc/arm-none-eabi/7.3.1/thumb/v7e-m/fpv4-sp/hard/crtbegin.o
 *(.bss*)
 .bss.pFlash    0x24000458       0x18 Boot/TouchGFX/build/STM32H7S78-DK/Drivers/STM32H7RSxx_HAL_Driver/Src/stm32h7rsxx_hal_flash.o
                0x24000458                pFlash
 .bss.HAL_RCC_XSPIM_CLK_ENABLED
                0x24000470        0x4 Boot/TouchGFX/build/STM32H7S78-DK/Boot/Core/Src/stm32h7rsxx_hal_msp.o
 .bss.JEDEC_Address4Bit
                0x24000474        0x8 Boot/TouchGFX/build/STM32H7S78-DK/Middlewares/ST/STM32_ExtMem_Manager/nor_sfdp/stm32_sfdp_data.o
 .bss.JEDEC_Basic
                0x2400047c       0x60 Boot/TouchGFX/build/STM32H7S78-DK/Middlewares/ST/STM32_ExtMem_Manager/nor_sfdp/stm32_sfdp_data.o
 .bss.JEDEC_OctalDdr
                0x240004dc       0x20 Boot/TouchGFX/build/STM32H7S78-DK/Middlewares/ST/STM32_ExtMem_Manager/nor_sfdp/stm32_sfdp_data.o
 .bss.JEDEC_SCCR_Map
                0x240004fc       0x70 Boot/TouchGFX/build/STM32H7S78-DK/Middlewares/ST/STM32_ExtMem_Manager/nor_sfdp/stm32_sfdp_data.o
 .bss.JEDEC_SFDP_Header
                0x2400056c        0x8 Boot/TouchGFX/build/STM32H7S78-DK/Middlewares/ST/STM32_ExtMem_Manager/nor_sfdp/stm32_sfdp_data.o
 .bss.JEDEC_XSPI10
                0x24000574       0x18 Boot/TouchGFX/build/STM32H7S78-DK/Middlewares/ST/STM32_ExtMem_Manager/nor_sfdp/stm32_sfdp_data.o
 .bss.sfdp_param_info
                0x2400058c       0x78 Boot/TouchGFX/build/STM32H7S78-DK/Middlewares/ST/STM32_ExtMem_Manager/nor_sfdp/stm32_sfdp_data.o
 *(COMMON)
 COMMON         0x24000604        0x4 Boot/TouchGFX/build/STM32H7S78-DK/Drivers/STM32H7RSxx_HAL_Driver/Src/stm32h7rsxx_hal.o
                0x24000604                uwTick
 COMMON         0x24000608       0xc0 Boot/TouchGFX/build/STM32H7S78-DK/Boot/Core/Src/main.o
                0x24000608                hxspi1
                0x24000668                hxspi2
 COMMON         0x240006c8      0x140 Boot/TouchGFX/build/STM32H7S78-DK/Middlewares/ST/STM32_ExtMem_Manager/stm32_extmem.o
                0x240006c8                extmem_list_config
 COMMON         0x24000808       0x21 c:/touchgfx/4.24.0/env/mingw/msys/1.0/gnu-arm-gcc/bin/../lib/gcc/arm-none-eabi/7.3.1/../../../../arm-none-eabi/lib/thumb/v7e-m/fpv4-sp/hard\libc.a(lib_a-lock.o)
                0x24000808                __lock___atexit_recursive_mutex
                0x2400080c                __lock___arc4random_mutex
                0x24000810                __lock___env_recursive_mutex
                0x24000814                __lock___sinit_recursive_mutex
                0x24000818                __lock___malloc_recursive_mutex
                0x2400081c                __lock___at_quick_exit_mutex
                0x24000820                __lock___dd_hash_mutex
                0x24000824                __lock___tz_mutex
                0x24000828                __lock___sfp_recursive_mutex
                0x2400082c                . = ALIGN (0x4)
 *fill*         0x24000829        0x3 
                0x2400082c                _ebss = .
                0x2400082c                __bss_end__ = _ebss

._user_heap_stack
                0x20000000     0x2000
                0x20000000                . = ALIGN (0x8)
                [!provide]                PROVIDE (end = .)
                [!provide]                PROVIDE (_end = .)
                0x20001000                . = (. + _Min_Heap_Size)
 *fill*         0x20000000     0x1000 
                0x20002000                . = (. + _Min_Stack_Size)
 *fill*         0x20001000     0x1000 
                0x20002000                . = ALIGN (0x8)

/DISCARD/
 libc.a(*)
 libm.a(*)
 libgcc.a(*)

.ARM.attributes
                0x00000000       0x30
 *(.ARM.attributes)
 .ARM.attributes
                0x00000000       0x22 c:/touchgfx/4.24.0/env/mingw/msys/1.0/gnu-arm-gcc/bin/../lib/gcc/arm-none-eabi/7.3.1/thumb/v7e-m/fpv4-sp/hard/crti.o
 .ARM.attributes
                0x00000022       0x34 c:/touchgfx/4.24.0/env/mingw/msys/1.0/gnu-arm-gcc/bin/../lib/gcc/arm-none-eabi/7.3.1/thumb/v7e-m/fpv4-sp/hard/crtbegin.o
 .ARM.attributes
                0x00000056       0x39 Boot/TouchGFX/build/STM32H7S78-DK/Drivers/STM32H7RSxx_HAL_Driver/Src/stm32h7rsxx_hal.o
 .ARM.attributes
                0x0000008f       0x39 Boot/TouchGFX/build/STM32H7S78-DK/Drivers/STM32H7RSxx_HAL_Driver/Src/stm32h7rsxx_hal_cortex.o
 .ARM.attributes
                0x000000c8       0x39 Boot/TouchGFX/build/STM32H7S78-DK/Drivers/STM32H7RSxx_HAL_Driver/Src/stm32h7rsxx_hal_dma.o
 .ARM.attributes
                0x00000101       0x39 Boot/TouchGFX/build/STM32H7S78-DK/Drivers/STM32H7RSxx_HAL_Driver/Src/stm32h7rsxx_hal_flash.o
 .ARM.attributes
                0x0000013a       0x39 Boot/TouchGFX/build/STM32H7S78-DK/Drivers/STM32H7RSxx_HAL_Driver/Src/stm32h7rsxx_hal_flash_ex.o
 .ARM.attributes
                0x00000173       0x39 Boot/TouchGFX/build/STM32H7S78-DK/Drivers/STM32H7RSxx_HAL_Driver/Src/stm32h7rsxx_hal_gpio.o
 .ARM.attributes
                0x000001ac       0x39 Boot/TouchGFX/build/STM32H7S78-DK/Drivers/STM32H7RSxx_HAL_Driver/Src/stm32h7rsxx_hal_pwr_ex.o
 .ARM.attributes
                0x000001e5       0x39 Boot/TouchGFX/build/STM32H7S78-DK/Drivers/STM32H7RSxx_HAL_Driver/Src/stm32h7rsxx_hal_rcc.o
 .ARM.attributes
                0x0000021e       0x39 Boot/TouchGFX/build/STM32H7S78-DK/Drivers/STM32H7RSxx_HAL_Driver/Src/stm32h7rsxx_hal_rcc_ex.o
 .ARM.attributes
                0x00000257       0x39 Boot/TouchGFX/build/STM32H7S78-DK/Drivers/STM32H7RSxx_HAL_Driver/Src/stm32h7rsxx_hal_xspi.o
 .ARM.attributes
                0x00000290       0x39 Boot/TouchGFX/build/STM32H7S78-DK/Boot/Core/Src/main.o
 .ARM.attributes
                0x000002c9       0x39 Boot/TouchGFX/build/STM32H7S78-DK/Boot/Core/Src/stm32h7rsxx_it.o
 .ARM.attributes
                0x00000302       0x39 Boot/TouchGFX/build/STM32H7S78-DK/Boot/Core/Src/stm32h7rsxx_hal_msp.o
 .ARM.attributes
                0x0000033b       0x39 Boot/TouchGFX/build/STM32H7S78-DK/Boot/Core/Src/system_stm32h7rsxx.o
 .ARM.attributes
                0x00000374       0x39 Boot/TouchGFX/build/STM32H7S78-DK/Boot/Core/Src/extmem_manager.o
 .ARM.attributes
                0x000003ad       0x39 Boot/TouchGFX/build/STM32H7S78-DK/Middlewares/ST/STM32_ExtMem_Manager/stm32_extmem.o
 .ARM.attributes
                0x000003e6       0x39 Boot/TouchGFX/build/STM32H7S78-DK/Middlewares/ST/STM32_ExtMem_Manager/boot/stm32_boot_xip.o
 .ARM.attributes
                0x0000041f       0x39 Boot/TouchGFX/build/STM32H7S78-DK/Middlewares/ST/STM32_ExtMem_Manager/nor_sfdp/stm32_sfdp_data.o
 .ARM.attributes
                0x00000458       0x39 Boot/TouchGFX/build/STM32H7S78-DK/Middlewares/ST/STM32_ExtMem_Manager/nor_sfdp/stm32_sfdp_driver.o
 .ARM.attributes
                0x00000491       0x39 Boot/TouchGFX/build/STM32H7S78-DK/Middlewares/ST/STM32_ExtMem_Manager/psram/stm32_psram_driver.o
 .ARM.attributes
                0x000004ca       0x39 Boot/TouchGFX/build/STM32H7S78-DK/Middlewares/ST/STM32_ExtMem_Manager/sal/stm32_sal_xspi.o
 .ARM.attributes
                0x00000503       0x21 Boot/TouchGFX/build/STM32H7S78-DK/gcc/startup_stm32h7s7l8hxh_boot.o
 .ARM.attributes
                0x00000524       0x34 c:/touchgfx/4.24.0/env/mingw/msys/1.0/gnu-arm-gcc/bin/../lib/gcc/arm-none-eabi/7.3.1/../../../../arm-none-eabi/lib/thumb/v7e-m/fpv4-sp/hard\libc.a(lib_a-impure.o)
 .ARM.attributes
                0x00000558       0x34 c:/touchgfx/4.24.0/env/mingw/msys/1.0/gnu-arm-gcc/bin/../lib/gcc/arm-none-eabi/7.3.1/../../../../arm-none-eabi/lib/thumb/v7e-m/fpv4-sp/hard\libc.a(lib_a-init.o)
 .ARM.attributes
                0x0000058c       0x20 c:/touchgfx/4.24.0/env/mingw/msys/1.0/gnu-arm-gcc/bin/../lib/gcc/arm-none-eabi/7.3.1/../../../../arm-none-eabi/lib/thumb/v7e-m/fpv4-sp/hard\libc.a(lib_a-memcpy.o)
 .ARM.attributes
                0x000005ac       0x34 c:/touchgfx/4.24.0/env/mingw/msys/1.0/gnu-arm-gcc/bin/../lib/gcc/arm-none-eabi/7.3.1/../../../../arm-none-eabi/lib/thumb/v7e-m/fpv4-sp/hard\libc.a(lib_a-memset.o)
 .ARM.attributes
                0x000005e0       0x34 c:/touchgfx/4.24.0/env/mingw/msys/1.0/gnu-arm-gcc/bin/../lib/gcc/arm-none-eabi/7.3.1/../../../../arm-none-eabi/lib/thumb/v7e-m/fpv4-sp/hard\libc.a(lib_a-__call_atexit.o)
 .ARM.attributes
                0x00000614       0x34 c:/touchgfx/4.24.0/env/mingw/msys/1.0/gnu-arm-gcc/bin/../lib/gcc/arm-none-eabi/7.3.1/../../../../arm-none-eabi/lib/thumb/v7e-m/fpv4-sp/hard\libc.a(lib_a-atexit.o)
 .ARM.attributes
                0x00000648       0x34 c:/touchgfx/4.24.0/env/mingw/msys/1.0/gnu-arm-gcc/bin/../lib/gcc/arm-none-eabi/7.3.1/../../../../arm-none-eabi/lib/thumb/v7e-m/fpv4-sp/hard\libc.a(lib_a-fini.o)
 .ARM.attributes
                0x0000067c       0x34 c:/touchgfx/4.24.0/env/mingw/msys/1.0/gnu-arm-gcc/bin/../lib/gcc/arm-none-eabi/7.3.1/../../../../arm-none-eabi/lib/thumb/v7e-m/fpv4-sp/hard\libc.a(lib_a-lock.o)
 .ARM.attributes
                0x000006b0       0x34 c:/touchgfx/4.24.0/env/mingw/msys/1.0/gnu-arm-gcc/bin/../lib/gcc/arm-none-eabi/7.3.1/../../../../arm-none-eabi/lib/thumb/v7e-m/fpv4-sp/hard\libc.a(lib_a-__atexit.o)
 .ARM.attributes
                0x000006e4       0x22 c:/touchgfx/4.24.0/env/mingw/msys/1.0/gnu-arm-gcc/bin/../lib/gcc/arm-none-eabi/7.3.1/thumb/v7e-m/fpv4-sp/hard/crtn.o
OUTPUT(Boot/TouchGFX/build/bin/target.elf elf32-littlearm)

.debug_info     0x00000000    0x27a28
 .debug_info    0x00000000     0x222e Boot/TouchGFX/build/STM32H7S78-DK/Drivers/STM32H7RSxx_HAL_Driver/Src/stm32h7rsxx_hal.o
 .debug_info    0x0000222e     0x1c28 Boot/TouchGFX/build/STM32H7S78-DK/Drivers/STM32H7RSxx_HAL_Driver/Src/stm32h7rsxx_hal_cortex.o
 .debug_info    0x00003e56     0x156f Boot/TouchGFX/build/STM32H7S78-DK/Drivers/STM32H7RSxx_HAL_Driver/Src/stm32h7rsxx_hal_dma.o
 .debug_info    0x000053c5     0x178a Boot/TouchGFX/build/STM32H7S78-DK/Drivers/STM32H7RSxx_HAL_Driver/Src/stm32h7rsxx_hal_flash.o
 .debug_info    0x00006b4f     0x174d Boot/TouchGFX/build/STM32H7S78-DK/Drivers/STM32H7RSxx_HAL_Driver/Src/stm32h7rsxx_hal_flash_ex.o
 .debug_info    0x0000829c     0x10d5 Boot/TouchGFX/build/STM32H7S78-DK/Drivers/STM32H7RSxx_HAL_Driver/Src/stm32h7rsxx_hal_gpio.o
 .debug_info    0x00009371     0x15e9 Boot/TouchGFX/build/STM32H7S78-DK/Drivers/STM32H7RSxx_HAL_Driver/Src/stm32h7rsxx_hal_pwr_ex.o
 .debug_info    0x0000a95a     0x2124 Boot/TouchGFX/build/STM32H7S78-DK/Drivers/STM32H7RSxx_HAL_Driver/Src/stm32h7rsxx_hal_rcc.o
 .debug_info    0x0000ca7e     0x189d Boot/TouchGFX/build/STM32H7S78-DK/Drivers/STM32H7RSxx_HAL_Driver/Src/stm32h7rsxx_hal_rcc_ex.o
 .debug_info    0x0000e31b     0x2a74 Boot/TouchGFX/build/STM32H7S78-DK/Drivers/STM32H7RSxx_HAL_Driver/Src/stm32h7rsxx_hal_xspi.o
 .debug_info    0x00010d8f     0x29ea Boot/TouchGFX/build/STM32H7S78-DK/Boot/Core/Src/main.o
 .debug_info    0x00013779      0xad9 Boot/TouchGFX/build/STM32H7S78-DK/Boot/Core/Src/stm32h7rsxx_it.o
 .debug_info    0x00014252     0x1cc3 Boot/TouchGFX/build/STM32H7S78-DK/Boot/Core/Src/stm32h7rsxx_hal_msp.o
 .debug_info    0x00015f15     0x1297 Boot/TouchGFX/build/STM32H7S78-DK/Boot/Core/Src/system_stm32h7rsxx.o
 .debug_info    0x000171ac     0x1944 Boot/TouchGFX/build/STM32H7S78-DK/Boot/Core/Src/extmem_manager.o
 .debug_info    0x00018af0     0x1fa2 Boot/TouchGFX/build/STM32H7S78-DK/Middlewares/ST/STM32_ExtMem_Manager/stm32_extmem.o
 .debug_info    0x0001aa92     0x1fad Boot/TouchGFX/build/STM32H7S78-DK/Middlewares/ST/STM32_ExtMem_Manager/boot/stm32_boot_xip.o
 .debug_info    0x0001ca3f     0x4942 Boot/TouchGFX/build/STM32H7S78-DK/Middlewares/ST/STM32_ExtMem_Manager/nor_sfdp/stm32_sfdp_data.o
 .debug_info    0x00021381     0x23db Boot/TouchGFX/build/STM32H7S78-DK/Middlewares/ST/STM32_ExtMem_Manager/nor_sfdp/stm32_sfdp_driver.o
 .debug_info    0x0002375c     0x1c6f Boot/TouchGFX/build/STM32H7S78-DK/Middlewares/ST/STM32_ExtMem_Manager/psram/stm32_psram_driver.o
 .debug_info    0x000253cb     0x263b Boot/TouchGFX/build/STM32H7S78-DK/Middlewares/ST/STM32_ExtMem_Manager/sal/stm32_sal_xspi.o
 .debug_info    0x00027a06       0x22 Boot/TouchGFX/build/STM32H7S78-DK/gcc/startup_stm32h7s7l8hxh_boot.o

.debug_abbrev   0x00000000     0x4227
 .debug_abbrev  0x00000000      0x3fc Boot/TouchGFX/build/STM32H7S78-DK/Drivers/STM32H7RSxx_HAL_Driver/Src/stm32h7rsxx_hal.o
 .debug_abbrev  0x000003fc      0x3c4 Boot/TouchGFX/build/STM32H7S78-DK/Drivers/STM32H7RSxx_HAL_Driver/Src/stm32h7rsxx_hal_cortex.o
 .debug_abbrev  0x000007c0      0x2d5 Boot/TouchGFX/build/STM32H7S78-DK/Drivers/STM32H7RSxx_HAL_Driver/Src/stm32h7rsxx_hal_dma.o
 .debug_abbrev  0x00000a95      0x3e1 Boot/TouchGFX/build/STM32H7S78-DK/Drivers/STM32H7RSxx_HAL_Driver/Src/stm32h7rsxx_hal_flash.o
 .debug_abbrev  0x00000e76      0x3af Boot/TouchGFX/build/STM32H7S78-DK/Drivers/STM32H7RSxx_HAL_Driver/Src/stm32h7rsxx_hal_flash_ex.o
 .debug_abbrev  0x00001225      0x292 Boot/TouchGFX/build/STM32H7S78-DK/Drivers/STM32H7RSxx_HAL_Driver/Src/stm32h7rsxx_hal_gpio.o
 .debug_abbrev  0x000014b7      0x30f Boot/TouchGFX/build/STM32H7S78-DK/Drivers/STM32H7RSxx_HAL_Driver/Src/stm32h7rsxx_hal_pwr_ex.o
 .debug_abbrev  0x000017c6      0x337 Boot/TouchGFX/build/STM32H7S78-DK/Drivers/STM32H7RSxx_HAL_Driver/Src/stm32h7rsxx_hal_rcc.o
 .debug_abbrev  0x00001afd      0x344 Boot/TouchGFX/build/STM32H7S78-DK/Drivers/STM32H7RSxx_HAL_Driver/Src/stm32h7rsxx_hal_rcc_ex.o
 .debug_abbrev  0x00001e41      0x3ce Boot/TouchGFX/build/STM32H7S78-DK/Drivers/STM32H7RSxx_HAL_Driver/Src/stm32h7rsxx_hal_xspi.o
 .debug_abbrev  0x0000220f      0x3b5 Boot/TouchGFX/build/STM32H7S78-DK/Boot/Core/Src/main.o
 .debug_abbrev  0x000025c4      0x217 Boot/TouchGFX/build/STM32H7S78-DK/Boot/Core/Src/stm32h7rsxx_it.o
 .debug_abbrev  0x000027db      0x28f Boot/TouchGFX/build/STM32H7S78-DK/Boot/Core/Src/stm32h7rsxx_hal_msp.o
 .debug_abbrev  0x00002a6a      0x21c Boot/TouchGFX/build/STM32H7S78-DK/Boot/Core/Src/system_stm32h7rsxx.o
 .debug_abbrev  0x00002c86      0x24d Boot/TouchGFX/build/STM32H7S78-DK/Boot/Core/Src/extmem_manager.o
 .debug_abbrev  0x00002ed3      0x2bb Boot/TouchGFX/build/STM32H7S78-DK/Middlewares/ST/STM32_ExtMem_Manager/stm32_extmem.o
 .debug_abbrev  0x0000318e      0x356 Boot/TouchGFX/build/STM32H7S78-DK/Middlewares/ST/STM32_ExtMem_Manager/boot/stm32_boot_xip.o
 .debug_abbrev  0x000034e4      0x340 Boot/TouchGFX/build/STM32H7S78-DK/Middlewares/ST/STM32_ExtMem_Manager/nor_sfdp/stm32_sfdp_data.o
 .debug_abbrev  0x00003824      0x3d6 Boot/TouchGFX/build/STM32H7S78-DK/Middlewares/ST/STM32_ExtMem_Manager/nor_sfdp/stm32_sfdp_driver.o
 .debug_abbrev  0x00003bfa      0x27a Boot/TouchGFX/build/STM32H7S78-DK/Middlewares/ST/STM32_ExtMem_Manager/psram/stm32_psram_driver.o
 .debug_abbrev  0x00003e74      0x3a1 Boot/TouchGFX/build/STM32H7S78-DK/Middlewares/ST/STM32_ExtMem_Manager/sal/stm32_sal_xspi.o
 .debug_abbrev  0x00004215       0x12 Boot/TouchGFX/build/STM32H7S78-DK/gcc/startup_stm32h7s7l8hxh_boot.o

.debug_loc      0x00000000     0xb0f7
 .debug_loc     0x00000000      0x5f1 Boot/TouchGFX/build/STM32H7S78-DK/Drivers/STM32H7RSxx_HAL_Driver/Src/stm32h7rsxx_hal.o
 .debug_loc     0x000005f1      0x567 Boot/TouchGFX/build/STM32H7S78-DK/Drivers/STM32H7RSxx_HAL_Driver/Src/stm32h7rsxx_hal_cortex.o
 .debug_loc     0x00000b58      0x812 Boot/TouchGFX/build/STM32H7S78-DK/Drivers/STM32H7RSxx_HAL_Driver/Src/stm32h7rsxx_hal_dma.o
 .debug_loc     0x0000136a      0x503 Boot/TouchGFX/build/STM32H7S78-DK/Drivers/STM32H7RSxx_HAL_Driver/Src/stm32h7rsxx_hal_flash.o
 .debug_loc     0x0000186d     0x2742 Boot/TouchGFX/build/STM32H7S78-DK/Drivers/STM32H7RSxx_HAL_Driver/Src/stm32h7rsxx_hal_flash_ex.o
 .debug_loc     0x00003faf      0x2b6 Boot/TouchGFX/build/STM32H7S78-DK/Drivers/STM32H7RSxx_HAL_Driver/Src/stm32h7rsxx_hal_gpio.o
 .debug_loc     0x00004265      0x547 Boot/TouchGFX/build/STM32H7S78-DK/Drivers/STM32H7RSxx_HAL_Driver/Src/stm32h7rsxx_hal_pwr_ex.o
 .debug_loc     0x000047ac      0xce9 Boot/TouchGFX/build/STM32H7S78-DK/Drivers/STM32H7RSxx_HAL_Driver/Src/stm32h7rsxx_hal_rcc.o
 .debug_loc     0x00005495     0x13d5 Boot/TouchGFX/build/STM32H7S78-DK/Drivers/STM32H7RSxx_HAL_Driver/Src/stm32h7rsxx_hal_rcc_ex.o
 .debug_loc     0x0000686a     0x1a9b Boot/TouchGFX/build/STM32H7S78-DK/Drivers/STM32H7RSxx_HAL_Driver/Src/stm32h7rsxx_hal_xspi.o
 .debug_loc     0x00008305       0x41 Boot/TouchGFX/build/STM32H7S78-DK/Boot/Core/Src/main.o
 .debug_loc     0x00008346       0x7c Boot/TouchGFX/build/STM32H7S78-DK/Boot/Core/Src/stm32h7rsxx_hal_msp.o
 .debug_loc     0x000083c2       0xdf Boot/TouchGFX/build/STM32H7S78-DK/Boot/Core/Src/system_stm32h7rsxx.o
 .debug_loc     0x000084a1      0xabd Boot/TouchGFX/build/STM32H7S78-DK/Middlewares/ST/STM32_ExtMem_Manager/stm32_extmem.o
 .debug_loc     0x00008f5e       0xf4 Boot/TouchGFX/build/STM32H7S78-DK/Middlewares/ST/STM32_ExtMem_Manager/boot/stm32_boot_xip.o
 .debug_loc     0x00009052      0x79f Boot/TouchGFX/build/STM32H7S78-DK/Middlewares/ST/STM32_ExtMem_Manager/nor_sfdp/stm32_sfdp_data.o
 .debug_loc     0x000097f1      0x974 Boot/TouchGFX/build/STM32H7S78-DK/Middlewares/ST/STM32_ExtMem_Manager/nor_sfdp/stm32_sfdp_driver.o
 .debug_loc     0x0000a165      0x223 Boot/TouchGFX/build/STM32H7S78-DK/Middlewares/ST/STM32_ExtMem_Manager/psram/stm32_psram_driver.o
 .debug_loc     0x0000a388      0xd6f Boot/TouchGFX/build/STM32H7S78-DK/Middlewares/ST/STM32_ExtMem_Manager/sal/stm32_sal_xspi.o

.debug_aranges  0x00000000      0xd38
 .debug_aranges
                0x00000000      0x228 Boot/TouchGFX/build/STM32H7S78-DK/Drivers/STM32H7RSxx_HAL_Driver/Src/stm32h7rsxx_hal.o
 .debug_aranges
                0x00000228       0xc0 Boot/TouchGFX/build/STM32H7S78-DK/Drivers/STM32H7RSxx_HAL_Driver/Src/stm32h7rsxx_hal_cortex.o
 .debug_aranges
                0x000002e8       0x98 Boot/TouchGFX/build/STM32H7S78-DK/Drivers/STM32H7RSxx_HAL_Driver/Src/stm32h7rsxx_hal_dma.o
 .debug_aranges
                0x00000380       0xa0 Boot/TouchGFX/build/STM32H7S78-DK/Drivers/STM32H7RSxx_HAL_Driver/Src/stm32h7rsxx_hal_flash.o
 .debug_aranges
                0x00000420       0xa0 Boot/TouchGFX/build/STM32H7S78-DK/Drivers/STM32H7RSxx_HAL_Driver/Src/stm32h7rsxx_hal_flash_ex.o
 .debug_aranges
                0x000004c0       0x60 Boot/TouchGFX/build/STM32H7S78-DK/Drivers/STM32H7RSxx_HAL_Driver/Src/stm32h7rsxx_hal_gpio.o
 .debug_aranges
                0x00000520      0x1a8 Boot/TouchGFX/build/STM32H7S78-DK/Drivers/STM32H7RSxx_HAL_Driver/Src/stm32h7rsxx_hal_pwr_ex.o
 .debug_aranges
                0x000006c8      0x128 Boot/TouchGFX/build/STM32H7S78-DK/Drivers/STM32H7RSxx_HAL_Driver/Src/stm32h7rsxx_hal_rcc.o
 .debug_aranges
                0x000007f0       0xb0 Boot/TouchGFX/build/STM32H7S78-DK/Drivers/STM32H7RSxx_HAL_Driver/Src/stm32h7rsxx_hal_rcc_ex.o
 .debug_aranges
                0x000008a0      0x138 Boot/TouchGFX/build/STM32H7S78-DK/Drivers/STM32H7RSxx_HAL_Driver/Src/stm32h7rsxx_hal_xspi.o
 .debug_aranges
                0x000009d8       0x30 Boot/TouchGFX/build/STM32H7S78-DK/Boot/Core/Src/main.o
 .debug_aranges
                0x00000a08       0x50 Boot/TouchGFX/build/STM32H7S78-DK/Boot/Core/Src/stm32h7rsxx_it.o
 .debug_aranges
                0x00000a58       0x30 Boot/TouchGFX/build/STM32H7S78-DK/Boot/Core/Src/stm32h7rsxx_hal_msp.o
 .debug_aranges
                0x00000a88       0x28 Boot/TouchGFX/build/STM32H7S78-DK/Boot/Core/Src/system_stm32h7rsxx.o
 .debug_aranges
                0x00000ab0       0x20 Boot/TouchGFX/build/STM32H7S78-DK/Boot/Core/Src/extmem_manager.o
 .debug_aranges
                0x00000ad0       0x68 Boot/TouchGFX/build/STM32H7S78-DK/Middlewares/ST/STM32_ExtMem_Manager/stm32_extmem.o
 .debug_aranges
                0x00000b38       0x30 Boot/TouchGFX/build/STM32H7S78-DK/Middlewares/ST/STM32_ExtMem_Manager/boot/stm32_boot_xip.o
 .debug_aranges
                0x00000b68       0x60 Boot/TouchGFX/build/STM32H7S78-DK/Middlewares/ST/STM32_ExtMem_Manager/nor_sfdp/stm32_sfdp_data.o
 .debug_aranges
                0x00000bc8       0x80 Boot/TouchGFX/build/STM32H7S78-DK/Middlewares/ST/STM32_ExtMem_Manager/nor_sfdp/stm32_sfdp_driver.o
 .debug_aranges
                0x00000c48       0x40 Boot/TouchGFX/build/STM32H7S78-DK/Middlewares/ST/STM32_ExtMem_Manager/psram/stm32_psram_driver.o
 .debug_aranges
                0x00000c88       0x88 Boot/TouchGFX/build/STM32H7S78-DK/Middlewares/ST/STM32_ExtMem_Manager/sal/stm32_sal_xspi.o
 .debug_aranges
                0x00000d10       0x28 Boot/TouchGFX/build/STM32H7S78-DK/gcc/startup_stm32h7s7l8hxh_boot.o

.debug_ranges   0x00000000     0x1028
 .debug_ranges  0x00000000      0x218 Boot/TouchGFX/build/STM32H7S78-DK/Drivers/STM32H7RSxx_HAL_Driver/Src/stm32h7rsxx_hal.o
 .debug_ranges  0x00000218      0x168 Boot/TouchGFX/build/STM32H7S78-DK/Drivers/STM32H7RSxx_HAL_Driver/Src/stm32h7rsxx_hal_cortex.o
 .debug_ranges  0x00000380       0xe0 Boot/TouchGFX/build/STM32H7S78-DK/Drivers/STM32H7RSxx_HAL_Driver/Src/stm32h7rsxx_hal_dma.o
 .debug_ranges  0x00000460       0x90 Boot/TouchGFX/build/STM32H7S78-DK/Drivers/STM32H7RSxx_HAL_Driver/Src/stm32h7rsxx_hal_flash.o
 .debug_ranges  0x000004f0      0x120 Boot/TouchGFX/build/STM32H7S78-DK/Drivers/STM32H7RSxx_HAL_Driver/Src/stm32h7rsxx_hal_flash_ex.o
 .debug_ranges  0x00000610       0x50 Boot/TouchGFX/build/STM32H7S78-DK/Drivers/STM32H7RSxx_HAL_Driver/Src/stm32h7rsxx_hal_gpio.o
 .debug_ranges  0x00000660      0x198 Boot/TouchGFX/build/STM32H7S78-DK/Drivers/STM32H7RSxx_HAL_Driver/Src/stm32h7rsxx_hal_pwr_ex.o
 .debug_ranges  0x000007f8      0x118 Boot/TouchGFX/build/STM32H7S78-DK/Drivers/STM32H7RSxx_HAL_Driver/Src/stm32h7rsxx_hal_rcc.o
 .debug_ranges  0x00000910       0xb8 Boot/TouchGFX/build/STM32H7S78-DK/Drivers/STM32H7RSxx_HAL_Driver/Src/stm32h7rsxx_hal_rcc_ex.o
 .debug_ranges  0x000009c8      0x178 Boot/TouchGFX/build/STM32H7S78-DK/Drivers/STM32H7RSxx_HAL_Driver/Src/stm32h7rsxx_hal_xspi.o
 .debug_ranges  0x00000b40       0xd0 Boot/TouchGFX/build/STM32H7S78-DK/Boot/Core/Src/main.o
 .debug_ranges  0x00000c10       0x40 Boot/TouchGFX/build/STM32H7S78-DK/Boot/Core/Src/stm32h7rsxx_it.o
 .debug_ranges  0x00000c50       0x88 Boot/TouchGFX/build/STM32H7S78-DK/Boot/Core/Src/stm32h7rsxx_hal_msp.o
 .debug_ranges  0x00000cd8       0x18 Boot/TouchGFX/build/STM32H7S78-DK/Boot/Core/Src/system_stm32h7rsxx.o
 .debug_ranges  0x00000cf0       0x10 Boot/TouchGFX/build/STM32H7S78-DK/Boot/Core/Src/extmem_manager.o
 .debug_ranges  0x00000d00       0x58 Boot/TouchGFX/build/STM32H7S78-DK/Middlewares/ST/STM32_ExtMem_Manager/stm32_extmem.o
 .debug_ranges  0x00000d58       0x40 Boot/TouchGFX/build/STM32H7S78-DK/Middlewares/ST/STM32_ExtMem_Manager/boot/stm32_boot_xip.o
 .debug_ranges  0x00000d98       0xf0 Boot/TouchGFX/build/STM32H7S78-DK/Middlewares/ST/STM32_ExtMem_Manager/nor_sfdp/stm32_sfdp_data.o
 .debug_ranges  0x00000e88       0x88 Boot/TouchGFX/build/STM32H7S78-DK/Middlewares/ST/STM32_ExtMem_Manager/nor_sfdp/stm32_sfdp_driver.o
 .debug_ranges  0x00000f10       0x48 Boot/TouchGFX/build/STM32H7S78-DK/Middlewares/ST/STM32_ExtMem_Manager/psram/stm32_psram_driver.o
 .debug_ranges  0x00000f58       0xb0 Boot/TouchGFX/build/STM32H7S78-DK/Middlewares/ST/STM32_ExtMem_Manager/sal/stm32_sal_xspi.o
 .debug_ranges  0x00001008       0x20 Boot/TouchGFX/build/STM32H7S78-DK/gcc/startup_stm32h7s7l8hxh_boot.o

.debug_line     0x00000000     0x8db8
 .debug_line    0x00000000      0x876 Boot/TouchGFX/build/STM32H7S78-DK/Drivers/STM32H7RSxx_HAL_Driver/Src/stm32h7rsxx_hal.o
 .debug_line    0x00000876      0x5f2 Boot/TouchGFX/build/STM32H7S78-DK/Drivers/STM32H7RSxx_HAL_Driver/Src/stm32h7rsxx_hal_cortex.o
 .debug_line    0x00000e68      0x6c8 Boot/TouchGFX/build/STM32H7S78-DK/Drivers/STM32H7RSxx_HAL_Driver/Src/stm32h7rsxx_hal_dma.o
 .debug_line    0x00001530      0x6c5 Boot/TouchGFX/build/STM32H7S78-DK/Drivers/STM32H7RSxx_HAL_Driver/Src/stm32h7rsxx_hal_flash.o
 .debug_line    0x00001bf5      0x712 Boot/TouchGFX/build/STM32H7S78-DK/Drivers/STM32H7RSxx_HAL_Driver/Src/stm32h7rsxx_hal_flash_ex.o
 .debug_line    0x00002307      0x440 Boot/TouchGFX/build/STM32H7S78-DK/Drivers/STM32H7RSxx_HAL_Driver/Src/stm32h7rsxx_hal_gpio.o
 .debug_line    0x00002747      0x799 Boot/TouchGFX/build/STM32H7S78-DK/Drivers/STM32H7RSxx_HAL_Driver/Src/stm32h7rsxx_hal_pwr_ex.o
 .debug_line    0x00002ee0      0x9e9 Boot/TouchGFX/build/STM32H7S78-DK/Drivers/STM32H7RSxx_HAL_Driver/Src/stm32h7rsxx_hal_rcc.o
 .debug_line    0x000038c9      0xb73 Boot/TouchGFX/build/STM32H7S78-DK/Drivers/STM32H7RSxx_HAL_Driver/Src/stm32h7rsxx_hal_rcc_ex.o
 .debug_line    0x0000443c      0xb18 Boot/TouchGFX/build/STM32H7S78-DK/Drivers/STM32H7RSxx_HAL_Driver/Src/stm32h7rsxx_hal_xspi.o
 .debug_line    0x00004f54      0x713 Boot/TouchGFX/build/STM32H7S78-DK/Boot/Core/Src/main.o
 .debug_line    0x00005667      0x32f Boot/TouchGFX/build/STM32H7S78-DK/Boot/Core/Src/stm32h7rsxx_it.o
 .debug_line    0x00005996      0x44f Boot/TouchGFX/build/STM32H7S78-DK/Boot/Core/Src/stm32h7rsxx_hal_msp.o
 .debug_line    0x00005de5      0x332 Boot/TouchGFX/build/STM32H7S78-DK/Boot/Core/Src/system_stm32h7rsxx.o
 .debug_line    0x00006117      0x4bd Boot/TouchGFX/build/STM32H7S78-DK/Boot/Core/Src/extmem_manager.o
 .debug_line    0x000065d4      0x626 Boot/TouchGFX/build/STM32H7S78-DK/Middlewares/ST/STM32_ExtMem_Manager/stm32_extmem.o
 .debug_line    0x00006bfa      0x56a Boot/TouchGFX/build/STM32H7S78-DK/Middlewares/ST/STM32_ExtMem_Manager/boot/stm32_boot_xip.o
 .debug_line    0x00007164      0x85e Boot/TouchGFX/build/STM32H7S78-DK/Middlewares/ST/STM32_ExtMem_Manager/nor_sfdp/stm32_sfdp_data.o
 .debug_line    0x000079c2      0x70f Boot/TouchGFX/build/STM32H7S78-DK/Middlewares/ST/STM32_ExtMem_Manager/nor_sfdp/stm32_sfdp_driver.o
 .debug_line    0x000080d1      0x556 Boot/TouchGFX/build/STM32H7S78-DK/Middlewares/ST/STM32_ExtMem_Manager/psram/stm32_psram_driver.o
 .debug_line    0x00008627      0x70e Boot/TouchGFX/build/STM32H7S78-DK/Middlewares/ST/STM32_ExtMem_Manager/sal/stm32_sal_xspi.o
 .debug_line    0x00008d35       0x83 Boot/TouchGFX/build/STM32H7S78-DK/gcc/startup_stm32h7s7l8hxh_boot.o

.debug_str      0x00000000     0x8c81
 .debug_str     0x00000000     0x1ae9 Boot/TouchGFX/build/STM32H7S78-DK/Drivers/STM32H7RSxx_HAL_Driver/Src/stm32h7rsxx_hal.o
                               0x1c51 (size before relaxing)
 .debug_str     0x00001ae9      0x5ac Boot/TouchGFX/build/STM32H7S78-DK/Drivers/STM32H7RSxx_HAL_Driver/Src/stm32h7rsxx_hal_cortex.o
                               0x16a7 (size before relaxing)
 .debug_str     0x00002095      0x67c Boot/TouchGFX/build/STM32H7S78-DK/Drivers/STM32H7RSxx_HAL_Driver/Src/stm32h7rsxx_hal_dma.o
                                0xedf (size before relaxing)
 .debug_str     0x00002711      0x388 Boot/TouchGFX/build/STM32H7S78-DK/Drivers/STM32H7RSxx_HAL_Driver/Src/stm32h7rsxx_hal_flash.o
                                0xbe4 (size before relaxing)
 .debug_str     0x00002a99      0x4ce Boot/TouchGFX/build/STM32H7S78-DK/Drivers/STM32H7RSxx_HAL_Driver/Src/stm32h7rsxx_hal_flash_ex.o
                                0xe60 (size before relaxing)
 .debug_str     0x00002f67      0x1fd Boot/TouchGFX/build/STM32H7S78-DK/Drivers/STM32H7RSxx_HAL_Driver/Src/stm32h7rsxx_hal_gpio.o
                                0xa9c (size before relaxing)
 .debug_str     0x00003164      0x782 Boot/TouchGFX/build/STM32H7S78-DK/Drivers/STM32H7RSxx_HAL_Driver/Src/stm32h7rsxx_hal_pwr_ex.o
                               0x101d (size before relaxing)
 .debug_str     0x000038e6      0x622 Boot/TouchGFX/build/STM32H7S78-DK/Drivers/STM32H7RSxx_HAL_Driver/Src/stm32h7rsxx_hal_rcc.o
                               0x1246 (size before relaxing)
 .debug_str     0x00003f08      0x67e Boot/TouchGFX/build/STM32H7S78-DK/Drivers/STM32H7RSxx_HAL_Driver/Src/stm32h7rsxx_hal_rcc_ex.o
                               0x1314 (size before relaxing)
 .debug_str     0x00004586      0x9c7 Boot/TouchGFX/build/STM32H7S78-DK/Drivers/STM32H7RSxx_HAL_Driver/Src/stm32h7rsxx_hal_xspi.o
                               0x1610 (size before relaxing)
 .debug_str     0x00004f4d      0x6b9 Boot/TouchGFX/build/STM32H7S78-DK/Boot/Core/Src/main.o
                               0x1c28 (size before relaxing)
 .debug_str     0x00005606       0xaf Boot/TouchGFX/build/STM32H7S78-DK/Boot/Core/Src/stm32h7rsxx_it.o
                                0x83d (size before relaxing)
 .debug_str     0x000056b5       0x3e Boot/TouchGFX/build/STM32H7S78-DK/Boot/Core/Src/stm32h7rsxx_hal_msp.o
                               0x1451 (size before relaxing)
 .debug_str     0x000056f3       0x56 Boot/TouchGFX/build/STM32H7S78-DK/Boot/Core/Src/system_stm32h7rsxx.o
                                0xba7 (size before relaxing)
 .debug_str     0x00005749       0x43 Boot/TouchGFX/build/STM32H7S78-DK/Boot/Core/Src/extmem_manager.o
                               0x14b3 (size before relaxing)
 .debug_str     0x0000578c      0x824 Boot/TouchGFX/build/STM32H7S78-DK/Middlewares/ST/STM32_ExtMem_Manager/stm32_extmem.o
                               0x1c51 (size before relaxing)
 .debug_str     0x00005fb0       0xcd Boot/TouchGFX/build/STM32H7S78-DK/Middlewares/ST/STM32_ExtMem_Manager/boot/stm32_boot_xip.o
                               0x180b (size before relaxing)
 .debug_str     0x0000607d     0x2877 Boot/TouchGFX/build/STM32H7S78-DK/Middlewares/ST/STM32_ExtMem_Manager/nor_sfdp/stm32_sfdp_data.o
                               0x3e22 (size before relaxing)
 .debug_str     0x000088f4      0x178 Boot/TouchGFX/build/STM32H7S78-DK/Middlewares/ST/STM32_ExtMem_Manager/nor_sfdp/stm32_sfdp_driver.o
                               0x1d09 (size before relaxing)
 .debug_str     0x00008a6c       0xb1 Boot/TouchGFX/build/STM32H7S78-DK/Middlewares/ST/STM32_ExtMem_Manager/psram/stm32_psram_driver.o
                               0x17a1 (size before relaxing)
 .debug_str     0x00008b1d      0x134 Boot/TouchGFX/build/STM32H7S78-DK/Middlewares/ST/STM32_ExtMem_Manager/sal/stm32_sal_xspi.o
                               0x186b (size before relaxing)
 .debug_str     0x00008c51       0x30 Boot/TouchGFX/build/STM32H7S78-DK/gcc/startup_stm32h7s7l8hxh_boot.o
                                 0x55 (size before relaxing)

.comment        0x00000000       0x7f
 .comment       0x00000000       0x7f Boot/TouchGFX/build/STM32H7S78-DK/Drivers/STM32H7RSxx_HAL_Driver/Src/stm32h7rsxx_hal.o
                                 0x80 (size before relaxing)
 .comment       0x0000007f       0x80 Boot/TouchGFX/build/STM32H7S78-DK/Drivers/STM32H7RSxx_HAL_Driver/Src/stm32h7rsxx_hal_cortex.o
 .comment       0x0000007f       0x80 Boot/TouchGFX/build/STM32H7S78-DK/Drivers/STM32H7RSxx_HAL_Driver/Src/stm32h7rsxx_hal_dma.o
 .comment       0x0000007f       0x80 Boot/TouchGFX/build/STM32H7S78-DK/Drivers/STM32H7RSxx_HAL_Driver/Src/stm32h7rsxx_hal_flash.o
 .comment       0x0000007f       0x80 Boot/TouchGFX/build/STM32H7S78-DK/Drivers/STM32H7RSxx_HAL_Driver/Src/stm32h7rsxx_hal_flash_ex.o
 .comment       0x0000007f       0x80 Boot/TouchGFX/build/STM32H7S78-DK/Drivers/STM32H7RSxx_HAL_Driver/Src/stm32h7rsxx_hal_gpio.o
 .comment       0x0000007f       0x80 Boot/TouchGFX/build/STM32H7S78-DK/Drivers/STM32H7RSxx_HAL_Driver/Src/stm32h7rsxx_hal_pwr_ex.o
 .comment       0x0000007f       0x80 Boot/TouchGFX/build/STM32H7S78-DK/Drivers/STM32H7RSxx_HAL_Driver/Src/stm32h7rsxx_hal_rcc.o
 .comment       0x0000007f       0x80 Boot/TouchGFX/build/STM32H7S78-DK/Drivers/STM32H7RSxx_HAL_Driver/Src/stm32h7rsxx_hal_rcc_ex.o
 .comment       0x0000007f       0x80 Boot/TouchGFX/build/STM32H7S78-DK/Drivers/STM32H7RSxx_HAL_Driver/Src/stm32h7rsxx_hal_xspi.o
 .comment       0x0000007f       0x80 Boot/TouchGFX/build/STM32H7S78-DK/Boot/Core/Src/main.o
 .comment       0x0000007f       0x80 Boot/TouchGFX/build/STM32H7S78-DK/Boot/Core/Src/stm32h7rsxx_it.o
 .comment       0x0000007f       0x80 Boot/TouchGFX/build/STM32H7S78-DK/Boot/Core/Src/stm32h7rsxx_hal_msp.o
 .comment       0x0000007f       0x80 Boot/TouchGFX/build/STM32H7S78-DK/Boot/Core/Src/system_stm32h7rsxx.o
 .comment       0x0000007f       0x80 Boot/TouchGFX/build/STM32H7S78-DK/Boot/Core/Src/extmem_manager.o
 .comment       0x0000007f       0x80 Boot/TouchGFX/build/STM32H7S78-DK/Middlewares/ST/STM32_ExtMem_Manager/stm32_extmem.o
 .comment       0x0000007f       0x80 Boot/TouchGFX/build/STM32H7S78-DK/Middlewares/ST/STM32_ExtMem_Manager/boot/stm32_boot_xip.o
 .comment       0x0000007f       0x80 Boot/TouchGFX/build/STM32H7S78-DK/Middlewares/ST/STM32_ExtMem_Manager/nor_sfdp/stm32_sfdp_data.o
 .comment       0x0000007f       0x80 Boot/TouchGFX/build/STM32H7S78-DK/Middlewares/ST/STM32_ExtMem_Manager/nor_sfdp/stm32_sfdp_driver.o
 .comment       0x0000007f       0x80 Boot/TouchGFX/build/STM32H7S78-DK/Middlewares/ST/STM32_ExtMem_Manager/psram/stm32_psram_driver.o
 .comment       0x0000007f       0x80 Boot/TouchGFX/build/STM32H7S78-DK/Middlewares/ST/STM32_ExtMem_Manager/sal/stm32_sal_xspi.o

.debug_frame    0x00000000     0x24a4
 .debug_frame   0x00000000      0x4c4 Boot/TouchGFX/build/STM32H7S78-DK/Drivers/STM32H7RSxx_HAL_Driver/Src/stm32h7rsxx_hal.o
 .debug_frame   0x000004c4      0x180 Boot/TouchGFX/build/STM32H7S78-DK/Drivers/STM32H7RSxx_HAL_Driver/Src/stm32h7rsxx_hal_cortex.o
 .debug_frame   0x00000644      0x16c Boot/TouchGFX/build/STM32H7S78-DK/Drivers/STM32H7RSxx_HAL_Driver/Src/stm32h7rsxx_hal_dma.o
 .debug_frame   0x000007b0      0x1ac Boot/TouchGFX/build/STM32H7S78-DK/Drivers/STM32H7RSxx_HAL_Driver/Src/stm32h7rsxx_hal_flash.o
 .debug_frame   0x0000095c      0x1a0 Boot/TouchGFX/build/STM32H7S78-DK/Drivers/STM32H7RSxx_HAL_Driver/Src/stm32h7rsxx_hal_flash_ex.o
 .debug_frame   0x00000afc       0xe4 Boot/TouchGFX/build/STM32H7S78-DK/Drivers/STM32H7RSxx_HAL_Driver/Src/stm32h7rsxx_hal_gpio.o
 .debug_frame   0x00000be0      0x3d4 Boot/TouchGFX/build/STM32H7S78-DK/Drivers/STM32H7RSxx_HAL_Driver/Src/stm32h7rsxx_hal_pwr_ex.o
 .debug_frame   0x00000fb4      0x368 Boot/TouchGFX/build/STM32H7S78-DK/Drivers/STM32H7RSxx_HAL_Driver/Src/stm32h7rsxx_hal_rcc.o
 .debug_frame   0x0000131c      0x228 Boot/TouchGFX/build/STM32H7S78-DK/Drivers/STM32H7RSxx_HAL_Driver/Src/stm32h7rsxx_hal_rcc_ex.o
 .debug_frame   0x00001544      0x49c Boot/TouchGFX/build/STM32H7S78-DK/Drivers/STM32H7RSxx_HAL_Driver/Src/stm32h7rsxx_hal_xspi.o
 .debug_frame   0x000019e0       0x5c Boot/TouchGFX/build/STM32H7S78-DK/Boot/Core/Src/main.o
 .debug_frame   0x00001a3c       0xa0 Boot/TouchGFX/build/STM32H7S78-DK/Boot/Core/Src/stm32h7rsxx_it.o
 .debug_frame   0x00001adc       0x74 Boot/TouchGFX/build/STM32H7S78-DK/Boot/Core/Src/stm32h7rsxx_hal_msp.o
 .debug_frame   0x00001b50       0x30 Boot/TouchGFX/build/STM32H7S78-DK/Boot/Core/Src/system_stm32h7rsxx.o
 .debug_frame   0x00001b80       0x2c Boot/TouchGFX/build/STM32H7S78-DK/Boot/Core/Src/extmem_manager.o
 .debug_frame   0x00001bac      0x118 Boot/TouchGFX/build/STM32H7S78-DK/Middlewares/ST/STM32_ExtMem_Manager/stm32_extmem.o
 .debug_frame   0x00001cc4       0x6c Boot/TouchGFX/build/STM32H7S78-DK/Middlewares/ST/STM32_ExtMem_Manager/boot/stm32_boot_xip.o
 .debug_frame   0x00001d30      0x140 Boot/TouchGFX/build/STM32H7S78-DK/Middlewares/ST/STM32_ExtMem_Manager/nor_sfdp/stm32_sfdp_data.o
 .debug_frame   0x00001e70      0x1a4 Boot/TouchGFX/build/STM32H7S78-DK/Middlewares/ST/STM32_ExtMem_Manager/nor_sfdp/stm32_sfdp_driver.o
 .debug_frame   0x00002014       0xa4 Boot/TouchGFX/build/STM32H7S78-DK/Middlewares/ST/STM32_ExtMem_Manager/psram/stm32_psram_driver.o
 .debug_frame   0x000020b8      0x1f4 Boot/TouchGFX/build/STM32H7S78-DK/Middlewares/ST/STM32_ExtMem_Manager/sal/stm32_sal_xspi.o
 .debug_frame   0x000022ac       0x2c c:/touchgfx/4.24.0/env/mingw/msys/1.0/gnu-arm-gcc/bin/../lib/gcc/arm-none-eabi/7.3.1/../../../../arm-none-eabi/lib/thumb/v7e-m/fpv4-sp/hard\libc.a(lib_a-init.o)
 .debug_frame   0x000022d8       0x38 c:/touchgfx/4.24.0/env/mingw/msys/1.0/gnu-arm-gcc/bin/../lib/gcc/arm-none-eabi/7.3.1/../../../../arm-none-eabi/lib/thumb/v7e-m/fpv4-sp/hard\libc.a(lib_a-memset.o)
 .debug_frame   0x00002310       0x5c c:/touchgfx/4.24.0/env/mingw/msys/1.0/gnu-arm-gcc/bin/../lib/gcc/arm-none-eabi/7.3.1/../../../../arm-none-eabi/lib/thumb/v7e-m/fpv4-sp/hard\libc.a(lib_a-__call_atexit.o)
 .debug_frame   0x0000236c       0x20 c:/touchgfx/4.24.0/env/mingw/msys/1.0/gnu-arm-gcc/bin/../lib/gcc/arm-none-eabi/7.3.1/../../../../arm-none-eabi/lib/thumb/v7e-m/fpv4-sp/hard\libc.a(lib_a-atexit.o)
 .debug_frame   0x0000238c       0x34 c:/touchgfx/4.24.0/env/mingw/msys/1.0/gnu-arm-gcc/bin/../lib/gcc/arm-none-eabi/7.3.1/../../../../arm-none-eabi/lib/thumb/v7e-m/fpv4-sp/hard\libc.a(lib_a-fini.o)
 .debug_frame   0x000023c0       0xb0 c:/touchgfx/4.24.0/env/mingw/msys/1.0/gnu-arm-gcc/bin/../lib/gcc/arm-none-eabi/7.3.1/../../../../arm-none-eabi/lib/thumb/v7e-m/fpv4-sp/hard\libc.a(lib_a-lock.o)
 .debug_frame   0x00002470       0x34 c:/touchgfx/4.24.0/env/mingw/msys/1.0/gnu-arm-gcc/bin/../lib/gcc/arm-none-eabi/7.3.1/../../../../arm-none-eabi/lib/thumb/v7e-m/fpv4-sp/hard\libc.a(lib_a-__atexit.o)
